Archive member included to satisfy reference by file (symbol)

C:/ST/STM32CubeIDE_1.2.0/STM32CubeIDE/plugins/com.st.stm32cube.ide.mcu.externaltools.gnu-tools-for-stm32.12.3.rel1.win32_1.0.100.202403111256/tools/bin/../lib/gcc/arm-none-eabi/12.3.1/../../../../arm-none-eabi/lib/thumb/v7e-m+dp/hard\libc_nano.a(libc_a-exit.o)
                              C:/ST/STM32CubeIDE_1.2.0/STM32CubeIDE/plugins/com.st.stm32cube.ide.mcu.externaltools.gnu-tools-for-stm32.12.3.rel1.win32_1.0.100.202403111256/tools/bin/../lib/gcc/arm-none-eabi/12.3.1/../../../../arm-none-eabi/lib/thumb/v7e-m+dp/hard/crt0.o (exit)
C:/ST/STM32CubeIDE_1.2.0/STM32CubeIDE/plugins/com.st.stm32cube.ide.mcu.externaltools.gnu-tools-for-stm32.12.3.rel1.win32_1.0.100.202403111256/tools/bin/../lib/gcc/arm-none-eabi/12.3.1/../../../../arm-none-eabi/lib/thumb/v7e-m+dp/hard\libc_nano.a(libc_a-nano-vfprintf_float.o)
                              (_printf_float)
C:/ST/STM32CubeIDE_1.2.0/STM32CubeIDE/plugins/com.st.stm32cube.ide.mcu.externaltools.gnu-tools-for-stm32.12.3.rel1.win32_1.0.100.202403111256/tools/bin/../lib/gcc/arm-none-eabi/12.3.1/../../../../arm-none-eabi/lib/thumb/v7e-m+dp/hard\libc_nano.a(libc_a-nano-vfprintf_i.o)
                              C:/ST/STM32CubeIDE_1.2.0/STM32CubeIDE/plugins/com.st.stm32cube.ide.mcu.externaltools.gnu-tools-for-stm32.12.3.rel1.win32_1.0.100.202403111256/tools/bin/../lib/gcc/arm-none-eabi/12.3.1/../../../../arm-none-eabi/lib/thumb/v7e-m+dp/hard\libc_nano.a(libc_a-nano-vfprintf_float.o) (_printf_common)
C:/ST/STM32CubeIDE_1.2.0/STM32CubeIDE/plugins/com.st.stm32cube.ide.mcu.externaltools.gnu-tools-for-stm32.12.3.rel1.win32_1.0.100.202403111256/tools/bin/../lib/gcc/arm-none-eabi/12.3.1/../../../../arm-none-eabi/lib/thumb/v7e-m+dp/hard\libc_nano.a(libc_a-findfp.o)
                              ./Middlewares/Third_Party/FreeRTOS/tasks.o (__sf)
C:/ST/STM32CubeIDE_1.2.0/STM32CubeIDE/plugins/com.st.stm32cube.ide.mcu.externaltools.gnu-tools-for-stm32.12.3.rel1.win32_1.0.100.202403111256/tools/bin/../lib/gcc/arm-none-eabi/12.3.1/../../../../arm-none-eabi/lib/thumb/v7e-m+dp/hard\libc_nano.a(libc_a-fwalk.o)
                              C:/ST/STM32CubeIDE_1.2.0/STM32CubeIDE/plugins/com.st.stm32cube.ide.mcu.externaltools.gnu-tools-for-stm32.12.3.rel1.win32_1.0.100.202403111256/tools/bin/../lib/gcc/arm-none-eabi/12.3.1/../../../../arm-none-eabi/lib/thumb/v7e-m+dp/hard\libc_nano.a(libc_a-findfp.o) (_fwalk_sglue)
C:/ST/STM32CubeIDE_1.2.0/STM32CubeIDE/plugins/com.st.stm32cube.ide.mcu.externaltools.gnu-tools-for-stm32.12.3.rel1.win32_1.0.100.202403111256/tools/bin/../lib/gcc/arm-none-eabi/12.3.1/../../../../arm-none-eabi/lib/thumb/v7e-m+dp/hard\libc_nano.a(libc_a-printf.o)
                              ./Core/Src/main.o (printf)
C:/ST/STM32CubeIDE_1.2.0/STM32CubeIDE/plugins/com.st.stm32cube.ide.mcu.externaltools.gnu-tools-for-stm32.12.3.rel1.win32_1.0.100.202403111256/tools/bin/../lib/gcc/arm-none-eabi/12.3.1/../../../../arm-none-eabi/lib/thumb/v7e-m+dp/hard\libc_nano.a(libc_a-sprintf.o)
                              ./Drivers/BSP/STM32H7xx_Nucleo/lcd.o (sprintf)
C:/ST/STM32CubeIDE_1.2.0/STM32CubeIDE/plugins/com.st.stm32cube.ide.mcu.externaltools.gnu-tools-for-stm32.12.3.rel1.win32_1.0.100.202403111256/tools/bin/../lib/gcc/arm-none-eabi/12.3.1/../../../../arm-none-eabi/lib/thumb/v7e-m+dp/hard\libc_nano.a(libc_a-stdio.o)
                              C:/ST/STM32CubeIDE_1.2.0/STM32CubeIDE/plugins/com.st.stm32cube.ide.mcu.externaltools.gnu-tools-for-stm32.12.3.rel1.win32_1.0.100.202403111256/tools/bin/../lib/gcc/arm-none-eabi/12.3.1/../../../../arm-none-eabi/lib/thumb/v7e-m+dp/hard\libc_nano.a(libc_a-findfp.o) (__sread)
C:/ST/STM32CubeIDE_1.2.0/STM32CubeIDE/plugins/com.st.stm32cube.ide.mcu.externaltools.gnu-tools-for-stm32.12.3.rel1.win32_1.0.100.202403111256/tools/bin/../lib/gcc/arm-none-eabi/12.3.1/../../../../arm-none-eabi/lib/thumb/v7e-m+dp/hard\libc_nano.a(libc_a-memset.o)
                              C:/ST/STM32CubeIDE_1.2.0/STM32CubeIDE/plugins/com.st.stm32cube.ide.mcu.externaltools.gnu-tools-for-stm32.12.3.rel1.win32_1.0.100.202403111256/tools/bin/../lib/gcc/arm-none-eabi/12.3.1/../../../../arm-none-eabi/lib/thumb/v7e-m+dp/hard/crt0.o (memset)
C:/ST/STM32CubeIDE_1.2.0/STM32CubeIDE/plugins/com.st.stm32cube.ide.mcu.externaltools.gnu-tools-for-stm32.12.3.rel1.win32_1.0.100.202403111256/tools/bin/../lib/gcc/arm-none-eabi/12.3.1/../../../../arm-none-eabi/lib/thumb/v7e-m+dp/hard\libc_nano.a(libc_a-localeconv.o)
                              C:/ST/STM32CubeIDE_1.2.0/STM32CubeIDE/plugins/com.st.stm32cube.ide.mcu.externaltools.gnu-tools-for-stm32.12.3.rel1.win32_1.0.100.202403111256/tools/bin/../lib/gcc/arm-none-eabi/12.3.1/../../../../arm-none-eabi/lib/thumb/v7e-m+dp/hard\libc_nano.a(libc_a-nano-vfprintf_float.o) (_localeconv_r)
[...]
Memory Configuration

Name             Origin             Length             Attributes
RAM_D1           0x24000000         0x00080000         xrw
FLASH            0x08000000         0x00100000         xr
DTCMRAM          0x20000000         0x00020000         xrw
RAM_D2           0x30000000         0x00048000         xrw
RAM_D3           0x38000000         0x00010000         xrw
ITCMRAM          0x00000000         0x00010000         xrw
*default*        0x00000000         0xffffffff

Linker script and memory map

LOAD C:/ST/STM32CubeIDE_1.2.0/STM32CubeIDE/plugins/com.st.stm32cube.ide.mcu.externaltools.gnu-tools-for-stm32.12.3.rel1.win32_1.0.100.202403111256/tools/bin/../lib/gcc/arm-none-eabi/12.3.1/thumb/v7e-m+dp/hard/crti.o
LOAD C:/ST/STM32CubeIDE_1.2.0/STM32CubeIDE/plugins/com.st.stm32cube.ide.mcu.externaltools.gnu-tools-for-stm32.12.3.rel1.win32_1.0.100.202403111256/tools/bin/../lib/gcc/arm-none-eabi/12.3.1/thumb/v7e-m+dp/hard/crtbegin.o
LOAD C:/ST/STM32CubeIDE_1.2.0/STM32CubeIDE/plugins/com.st.stm32cube.ide.mcu.externaltools.gnu-tools-for-stm32.12.3.rel1.win32_1.0.100.202403111256/tools/bin/../lib/gcc/arm-none-eabi/12.3.1/../../../../arm-none-eabi/lib/thumb/v7e-m+dp/hard/crt0.o
LOAD ./Common/Narzedzia.o
LOAD ./Common/Src/system_stm32h7xx_dualcore_boot_cm4_cm7.o
LOAD ./Core/Src/ProtokolKom.o
LOAD ./Core/Src/ethernet.o
LOAD ./Core/Src/freertos.o
LOAD ./Core/Src/kamera.o
LOAD ./Core/Src/main.o
LOAD ./Core/Src/stm32h7xx_hal_msp.o
LOAD ./Core/Src/stm32h7xx_hal_timebase_tim.o
LOAD ./Core/Src/stm32h7xx_it.o
LOAD ./Core/Src/syscalls.o
LOAD ./Core/Src/sysmem.o
LOAD ./Core/Src/timer.o
LOAD ./Core/Startup/startup_stm32h755zitx.o
LOAD ./Drivers/BSP/STM32H7xx_Nucleo/font.o
LOAD ./Drivers/BSP/STM32H7xx_Nucleo/ili9341.o
LOAD ./Drivers/BSP/STM32H7xx_Nucleo/lcd.o
LOAD ./Drivers/BSP/STM32H7xx_Nucleo/stm32h7xx_nucleo.o
LOAD ./Drivers/STM32H7xx_HAL_Driver/stm32h7xx_hal.o
LOAD ./Drivers/STM32H7xx_HAL_Driver/stm32h7xx_hal_cortex.o
LOAD ./Drivers/STM32H7xx_HAL_Driver/stm32h7xx_hal_crc.o
LOAD ./Drivers/STM32H7xx_HAL_Driver/stm32h7xx_hal_crc_ex.o
LOAD ./Drivers/STM32H7xx_HAL_Driver/stm32h7xx_hal_dcmi.o
LOAD ./Drivers/STM32H7xx_HAL_Driver/stm32h7xx_hal_dma.o
LOAD ./Drivers/STM32H7xx_HAL_Driver/stm32h7xx_hal_dma_ex.o
LOAD ./Drivers/STM32H7xx_HAL_Driver/stm32h7xx_hal_eth.o
LOAD ./Drivers/STM32H7xx_HAL_Driver/stm32h7xx_hal_eth_ex.o
LOAD ./Drivers/STM32H7xx_HAL_Driver/stm32h7xx_hal_exti.o
LOAD ./Drivers/STM32H7xx_HAL_Driver/stm32h7xx_hal_flash.o
LOAD ./Drivers/STM32H7xx_HAL_Driver/stm32h7xx_hal_flash_ex.o
LOAD ./Drivers/STM32H7xx_HAL_Driver/stm32h7xx_hal_gpio.o
LOAD ./Drivers/STM32H7xx_HAL_Driver/stm32h7xx_hal_hsem.o
LOAD ./Drivers/STM32H7xx_HAL_Driver/stm32h7xx_hal_i2c.o
LOAD ./Drivers/STM32H7xx_HAL_Driver/stm32h7xx_hal_i2c_ex.o
LOAD ./Drivers/STM32H7xx_HAL_Driver/stm32h7xx_hal_mdma.o
LOAD ./Drivers/STM32H7xx_HAL_Driver/stm32h7xx_hal_pwr.o
LOAD ./Drivers/STM32H7xx_HAL_Driver/stm32h7xx_hal_pwr_ex.o
LOAD ./Drivers/STM32H7xx_HAL_Driver/stm32h7xx_hal_rcc.o
LOAD ./Drivers/STM32H7xx_HAL_Driver/stm32h7xx_hal_rcc_ex.o
LOAD ./Drivers/STM32H7xx_HAL_Driver/stm32h7xx_hal_tim.o
LOAD ./Drivers/STM32H7xx_HAL_Driver/stm32h7xx_hal_tim_ex.o
LOAD ./Drivers/STM32H7xx_HAL_Driver/stm32h7xx_hal_uart.o
LOAD ./Drivers/STM32H7xx_HAL_Driver/stm32h7xx_hal_uart_ex.o
LOAD ./Drivers/STM32H7xx_HAL_Driver/stm32h7xx_hal_usart.o
LOAD ./Drivers/STM32H7xx_HAL_Driver/stm32h7xx_hal_usart_ex.o
LOAD ./Middlewares/Third_Party/FreeRTOS/cmsis_os.o
LOAD ./Middlewares/Third_Party/FreeRTOS/croutine.o
LOAD ./Middlewares/Third_Party/FreeRTOS/event_groups.o
LOAD ./Middlewares/Third_Party/FreeRTOS/heap_4.o
LOAD ./Middlewares/Third_Party/FreeRTOS/list.o
LOAD ./Middlewares/Third_Party/FreeRTOS/port.o
LOAD ./Middlewares/Third_Party/FreeRTOS/queue.o
LOAD ./Middlewares/Third_Party/FreeRTOS/stream_buffer.o
LOAD ./Middlewares/Third_Party/FreeRTOS/tasks.o
LOAD ./Middlewares/Third_Party/FreeRTOS/timers.o
START GROUP
LOAD C:/ST/STM32CubeIDE_1.2.0/STM32CubeIDE/plugins/com.st.stm32cube.ide.mcu.externaltools.gnu-tools-for-stm32.12.3.rel1.win32_1.0.100.202403111256/tools/bin/../lib/gcc/arm-none-eabi/12.3.1/../../../../arm-none-eabi/lib/thumb/v7e-m+dp/hard\libc_nano.a
LOAD C:/ST/STM32CubeIDE_1.2.0/STM32CubeIDE/plugins/com.st.stm32cube.ide.mcu.externaltools.gnu-tools-for-stm32.12.3.rel1.win32_1.0.100.202403111256/tools/bin/../lib/gcc/arm-none-eabi/12.3.1/../../../../arm-none-eabi/lib/thumb/v7e-m+dp/hard\libm.a
END GROUP
START GROUP
LOAD C:/ST/STM32CubeIDE_1.2.0/STM32CubeIDE/plugins/com.st.stm32cube.ide.mcu.externaltools.gnu-tools-for-stm32.12.3.rel1.win32_1.0.100.202403111256/tools/bin/../lib/gcc/arm-none-eabi/12.3.1/thumb/v7e-m+dp/hard\libgcc.a
LOAD C:/ST/STM32CubeIDE_1.2.0/STM32CubeIDE/plugins/com.st.stm32cube.ide.mcu.externaltools.gnu-tools-for-stm32.12.3.rel1.win32_1.0.100.202403111256/tools/bin/../lib/gcc/arm-none-eabi/12.3.1/../../../../arm-none-eabi/lib/thumb/v7e-m+dp/hard\libc_nano.a
END GROUP
START GROUP
LOAD C:/ST/STM32CubeIDE_1.2.0/STM32CubeIDE/plugins/com.st.stm32cube.ide.mcu.externaltools.gnu-tools-for-stm32.12.3.rel1.win32_1.0.100.202403111256/tools/bin/../lib/gcc/arm-none-eabi/12.3.1/thumb/v7e-m+dp/hard\libgcc.a
LOAD C:/ST/STM32CubeIDE_1.2.0/STM32CubeIDE/plugins/com.st.stm32cube.ide.mcu.externaltools.gnu-tools-for-stm32.12.3.rel1.win32_1.0.100.202403111256/tools/bin/../lib/gcc/arm-none-eabi/12.3.1/../../../../arm-none-eabi/lib/thumb/v7e-m+dp/hard\libc_nano.a
LOAD C:/ST/STM32CubeIDE_1.2.0/STM32CubeIDE/plugins/com.st.stm32cube.ide.mcu.externaltools.gnu-tools-for-stm32.12.3.rel1.win32_1.0.100.202403111256/tools/bin/../lib/gcc/arm-none-eabi/12.3.1/../../../../arm-none-eabi/lib/thumb/v7e-m+dp/hard\libnosys.a
END GROUP
START GROUP
LOAD C:/ST/STM32CubeIDE_1.2.0/STM32CubeIDE/plugins/com.st.stm32cube.ide.mcu.externaltools.gnu-tools-for-stm32.12.3.rel1.win32_1.0.100.202403111256/tools/bin/../lib/gcc/arm-none-eabi/12.3.1/thumb/v7e-m+dp/hard\libgcc.a
LOAD C:/ST/STM32CubeIDE_1.2.0/STM32CubeIDE/plugins/com.st.stm32cube.ide.mcu.externaltools.gnu-tools-for-stm32.12.3.rel1.win32_1.0.100.202403111256/tools/bin/../lib/gcc/arm-none-eabi/12.3.1/../../../../arm-none-eabi/lib/thumb/v7e-m+dp/hard\libc_nano.a
LOAD C:/ST/STM32CubeIDE_1.2.0/STM32CubeIDE/plugins/com.st.stm32cube.ide.mcu.externaltools.gnu-tools-for-stm32.12.3.rel1.win32_1.0.100.202403111256/tools/bin/../lib/gcc/arm-none-eabi/12.3.1/../../../../arm-none-eabi/lib/thumb/v7e-m+dp/hard\libnosys.a
END GROUP
LOAD C:/ST/STM32CubeIDE_1.2.0/STM32CubeIDE/plugins/com.st.stm32cube.ide.mcu.externaltools.gnu-tools-for-stm32.12.3.rel1.win32_1.0.100.202403111256/tools/bin/../lib/gcc/arm-none-eabi/12.3.1/thumb/v7e-m+dp/hard/crtend.o
LOAD C:/ST/STM32CubeIDE_1.2.0/STM32CubeIDE/plugins/com.st.stm32cube.ide.mcu.externaltools.gnu-tools-for-stm32.12.3.rel1.win32_1.0.100.202403111256/tools/bin/../lib/gcc/arm-none-eabi/12.3.1/thumb/v7e-m+dp/hard/crtn.o
                0x24080000                        _estack = (ORIGIN (RAM_D1) + LENGTH (RAM_D1))
                0x00000200                        _Min_Heap_Size = 0x200
                0x00000400                        _Min_Stack_Size = 0x400

.isr_vector     0x08000000      0x298
                0x08000000                        . = ALIGN (0x4)
 *(.isr_vector)
 .isr_vector    0x08000000      0x298 ./Core/Startup/startup_stm32h755zitx.o
                0x08000000                g_pfnVectors
                0x08000298                        . = ALIGN (0x4)

.text           0x080002a0    0x1632c
                0x080002a0                        . = ALIGN (0x4)
 *(.text)
 .text          0x080002a0       0x40 C:/ST/STM32CubeIDE_1.2.0/STM32CubeIDE/plugins/com.st.stm32cube.ide.mcu.externaltools.gnu-tools-for-stm32.12.3.rel1.win32_1.0.100.202403111256/tools/bin/../lib/gcc/arm-none-eabi/12.3.1/thumb/v7e-m+dp/hard/crtbegin.o
 .text          0x080002e0       0xa0 C:/ST/STM32CubeIDE_1.2.0/STM32CubeIDE/plugins/com.st.stm32cube.ide.mcu.externaltools.gnu-tools-for-stm32.12.3.rel1.win32_1.0.100.202403111256/tools/bin/../lib/gcc/arm-none-eabi/12.3.1/../../../../arm-none-eabi/lib/thumb/v7e-m+dp/hard\libc_nano.a(libc_a-memchr.o)
                0x080002e0                memchr
 .text          0x08000380       0x10 C:/ST/STM32CubeIDE_1.2.0/STM32CubeIDE/plugins/com.st.stm32cube.ide.mcu.externaltools.gnu-tools-for-stm32.12.3.rel1.win32_1.0.100.202403111256/tools/bin/../lib/gcc/arm-none-eabi/12.3.1/../../../../arm-none-eabi/lib/thumb/v7e-m+dp/hard\libc_nano.a(libc_a-strlen.o)
                0x08000380                strlen
 .text          0x08000390       0x30 C:/ST/STM32CubeIDE_1.2.0/STM32CubeIDE/plugins/com.st.stm32cube.ide.mcu.externaltools.gnu-tools-for-stm32.12.3.rel1.win32_1.0.100.202403111256/tools/bin/../lib/gcc/arm-none-eabi/12.3.1/thumb/v7e-m+dp/hard\libgcc.a(_aeabi_uldivmod.o)
                0x08000390                __aeabi_uldivmod
 .text          0x080003c0      0x2bc C:/ST/STM32CubeIDE_1.2.0/STM32CubeIDE/plugins/com.st.stm32cube.ide.mcu.externaltools.gnu-tools-for-stm32.12.3.rel1.win32_1.0.100.202403111256/tools/bin/../lib/gcc/arm-none-eabi/12.3.1/thumb/v7e-m+dp/hard\libgcc.a(_udivmoddi4.o)
                0x080003c0                __udivmoddi4
 .text          0x0800067c        0x4 C:/ST/STM32CubeIDE_1.2.0/STM32CubeIDE/plugins/com.st.stm32cube.ide.mcu.externaltools.gnu-tools-for-stm32.12.3.rel1.win32_1.0.100.202403111256/tools/bin/../lib/gcc/arm-none-eabi/12.3.1/thumb/v7e-m+dp/hard\libgcc.a(_dvmd_tls.o)
                0x0800067c                __aeabi_idiv0
                0x0800067c                __aeabi_ldiv0
 *(.text*)
 .text.SystemInit
                0x08000680      0x12c ./Common/Src/system_stm32h7xx_dualcore_boot_cm4_cm7.o
                0x08000680                SystemInit
 .text.InitProtokol
                0x080007ac       0x1c ./Core/Src/ProtokolKom.o
                0x080007ac                InitProtokol
 .text.USART3_IRQHandler
                0x080007c8       0x7c ./Core/Src/ProtokolKom.o
                0x080007c8                USART3_IRQHandler
 .text.StartKomUart
                0x08000844       0xb4 ./Core/Src/ProtokolKom.o
                0x08000844                StartKomUart
 .text.AnalizujDaneKom
                0x080008f8      0x260 ./Core/Src/ProtokolKom.o
                0x080008f8                AnalizujDaneKom
 .text.DekodujRamke
                0x08000b58      0x1fc ./Core/Src/ProtokolKom.o
                0x08000b58                DekodujRamke
 .text.InicjujCRC16
                0x08000d54       0x34 ./Core/Src/ProtokolKom.o
                0x08000d54                InicjujCRC16
 .text.PrzygotujRamke
                0x08000d88      0x104 ./Core/Src/ProtokolKom.o
                0x08000d88                PrzygotujRamke
 .text.WyslijRamke
                0x08000e8c       0xd4 ./Core/Src/ProtokolKom.o
                0x08000e8c                WyslijRamke
 .text.Wyslij_OK
                0x08000f60       0x2c ./Core/Src/ProtokolKom.o
                0x08000f60                Wyslij_OK
 .text.InitEth  0x08000f8c       0x18 ./Core/Src/ethernet.o
                0x08000f8c                InitEth
 .text.AnalizujEth
                0x08000fa4       0x30 ./Core/Src/ethernet.o
                0x08000fa4                AnalizujEth
 .text.vApplicationGetIdleTaskMemory
                0x08000fd4       0x34 ./Core/Src/freertos.o
                0x08000fd4                vApplicationGetIdleTaskMemory
 .text.KameraInit
                0x08001008      0x134 ./Core/Src/kamera.o
                0x08001008                KameraInit
 .text.UstawKamere
                0x0800113c       0xe6 ./Core/Src/kamera.o
                0x0800113c                UstawKamere
 *fill*         0x08001222        0x2 
 .text.RozpocznijPraceDCMI
                0x08001224      0x11c ./Core/Src/kamera.o
                0x08001224                RozpocznijPraceDCMI
 .text.InitKamera3
                0x08001340       0xa0 ./Core/Src/kamera.o
                0x08001340                InitKamera3
 .text.InitKamera4
                0x080013e0      0x180 ./Core/Src/kamera.o
                0x080013e0                InitKamera4
 .text.InitKamera5
                0x08001560      0x184 ./Core/Src/kamera.o
                0x08001560                InitKamera5
 .text.ZrobZdjecie
                0x080016e4       0xb8 ./Core/Src/kamera.o
                0x080016e4                ZrobZdjecie
 .text.Wyslij_I2C_Kamera
                0x0800179c       0x44 ./Core/Src/kamera.o
                0x0800179c                Wyslij_I2C_Kamera
 .text.Czytaj_I2C_Kamera
                0x080017e0       0x5c ./Core/Src/kamera.o
                0x080017e0                Czytaj_I2C_Kamera
 .text.Wyslij_Blok_Kamera
                0x0800183c       0x44 ./Core/Src/kamera.o
                0x0800183c                Wyslij_Blok_Kamera
 .text.HAL_DCMI_LineEventCallback
                0x08001880       0x24 ./Core/Src/kamera.o
                0x08001880                HAL_DCMI_LineEventCallback
 .text.HAL_DCMI_VsyncEventCallback
                0x080018a4       0x14 ./Core/Src/kamera.o
                0x080018a4                HAL_DCMI_VsyncEventCallback
 .text.HAL_DCMI_FrameEventCallback
                0x080018b8       0x28 ./Core/Src/kamera.o
                0x080018b8                HAL_DCMI_FrameEventCallback
 .text.HAL_DCMI_ErrorCallback
                0x080018e0       0x14 ./Core/Src/kamera.o
                0x080018e0                HAL_DCMI_ErrorCallback
 .text.SprawdzKamere
                0x080018f4       0x66 ./Core/Src/kamera.o
                0x080018f4                SprawdzKamere
 *fill*         0x0800195a        0x2 
 .text.main     0x0800195c      0x298 ./Core/Src/main.o
                0x0800195c                main
 .text.SystemClock_Config
                0x08001bf4      0x100 ./Core/Src/main.o
                0x08001bf4                SystemClock_Config
 .text.MX_CRC_Init
                0x08001cf4       0x44 ./Core/Src/main.o
 .text.MX_ETH_Init
                0x08001d38       0x98 ./Core/Src/main.o
 .text.MX_I2C4_Init
                0x08001dd0       0x7c ./Core/Src/main.o
 .text.MX_TIM14_Init
                0x08001e4c       0x98 ./Core/Src/main.o
 .text.MX_UART7_Init
                0x08001ee4       0x98 ./Core/Src/main.o
 .text.MX_USART2_UART_Init
                0x08001f7c       0x98 ./Core/Src/main.o
 .text.MX_DMA_Init
                0x08002014       0x40 ./Core/Src/main.o
 .text.MX_GPIO_Init
                0x08002054      0x250 ./Core/Src/main.o
 .text.KameraPWDN
                0x080022a4       0x24 ./Core/Src/main.o
                0x080022a4                KameraPWDN
 .text.StartDefaultTask
                0x080022c8      0x2ac ./Core/Src/main.o
                0x080022c8                StartDefaultTask
 .text.MPU_Config
                0x08002574       0xa4 ./Core/Src/main.o
 .text.HAL_TIM_PeriodElapsedCallback
                0x08002618       0x24 ./Core/Src/main.o
                0x08002618                HAL_TIM_PeriodElapsedCallback
 .text.BSP_PB_Callback
                0x0800263c       0x28 ./Core/Src/main.o
                0x0800263c                BSP_PB_Callback
 .text.Error_Handler
                0x08002664        0xc ./Core/Src/main.o
                0x08002664                Error_Handler
 .text.HAL_MspInit
                0x08002670       0x5c ./Core/Src/stm32h7xx_hal_msp.o
                0x08002670                HAL_MspInit
 .text.HAL_CRC_MspInit
                0x080026cc       0x44 ./Core/Src/stm32h7xx_hal_msp.o
                0x080026cc                HAL_CRC_MspInit
 .text.HAL_DCMI_MspInit
                0x08002710      0x23c ./Core/Src/stm32h7xx_hal_msp.o
                0x08002710                HAL_DCMI_MspInit
 .text.HAL_ETH_MspInit
                0x0800294c      0x1bc ./Core/Src/stm32h7xx_hal_msp.o
                0x0800294c                HAL_ETH_MspInit
 .text.HAL_I2C_MspInit
                0x08002b08       0xd4 ./Core/Src/stm32h7xx_hal_msp.o
                0x08002b08                HAL_I2C_MspInit
 .text.HAL_TIM_Base_MspInit
                0x08002bdc       0x44 ./Core/Src/stm32h7xx_hal_msp.o
                0x08002bdc                HAL_TIM_Base_MspInit
 .text.HAL_TIM_MspPostInit
                0x08002c20       0x78 ./Core/Src/stm32h7xx_hal_msp.o
                0x08002c20                HAL_TIM_MspPostInit
 .text.HAL_UART_MspInit
                0x08002c98      0x190 ./Core/Src/stm32h7xx_hal_msp.o
                0x08002c98                HAL_UART_MspInit
 .text.HAL_InitTick
                0x08002e28       0xd8 ./Core/Src/stm32h7xx_hal_timebase_tim.o
                0x08002e28                HAL_InitTick
 .text.NMI_Handler
                0x08002f00        0x8 ./Core/Src/stm32h7xx_it.o
                0x08002f00                NMI_Handler
 .text.HardFault_Handler
                0x08002f08        0x8 ./Core/Src/stm32h7xx_it.o
                0x08002f08                HardFault_Handler
 .text.MemManage_Handler
                0x08002f10        0x8 ./Core/Src/stm32h7xx_it.o
                0x08002f10                MemManage_Handler
 .text.BusFault_Handler
                0x08002f18        0x8 ./Core/Src/stm32h7xx_it.o
                0x08002f18                BusFault_Handler
 .text.UsageFault_Handler
                0x08002f20        0x8 ./Core/Src/stm32h7xx_it.o
                0x08002f20                UsageFault_Handler
 .text.DebugMon_Handler
                0x08002f28        0xe ./Core/Src/stm32h7xx_it.o
                0x08002f28                DebugMon_Handler
 *fill*         0x08002f36        0x2 
 .text.DMA1_Stream0_IRQHandler
                0x08002f38       0x14 ./Core/Src/stm32h7xx_it.o
                0x08002f38                DMA1_Stream0_IRQHandler
 .text.USART2_IRQHandler
                0x08002f4c       0x14 ./Core/Src/stm32h7xx_it.o
                0x08002f4c                USART2_IRQHandler
 .text.EXTI15_10_IRQHandler
                0x08002f60        0xe ./Core/Src/stm32h7xx_it.o
                0x08002f60                EXTI15_10_IRQHandler
 *fill*         0x08002f6e        0x2 
 .text.TIM6_DAC_IRQHandler
                0x08002f70       0x38 ./Core/Src/stm32h7xx_it.o
                0x08002f70                TIM6_DAC_IRQHandler
 .text.DCMI_IRQHandler
                0x08002fa8       0x14 ./Core/Src/stm32h7xx_it.o
                0x08002fa8                DCMI_IRQHandler
 .text.UART7_IRQHandler
                0x08002fbc       0x14 ./Core/Src/stm32h7xx_it.o
                0x08002fbc                UART7_IRQHandler
 .text._getpid  0x08002fd0       0x10 ./Core/Src/syscalls.o
                0x08002fd0                _getpid
 .text._kill    0x08002fe0       0x20 ./Core/Src/syscalls.o
                0x08002fe0                _kill
 .text._exit    0x08003000       0x16 ./Core/Src/syscalls.o
                0x08003000                _exit
 .text._read    0x08003016       0x3a ./Core/Src/syscalls.o
                0x08003016                _read
 .text._write   0x08003050       0x38 ./Core/Src/syscalls.o
                0x08003050                _write
 .text._close   0x08003088       0x18 ./Core/Src/syscalls.o
                0x08003088                _close
 .text._fstat   0x080030a0       0x20 ./Core/Src/syscalls.o
                0x080030a0                _fstat
 .text._isatty  0x080030c0       0x16 ./Core/Src/syscalls.o
                0x080030c0                _isatty
 .text._lseek   0x080030d6       0x1a ./Core/Src/syscalls.o
                0x080030d6                _lseek
 .text._sbrk    0x080030f0       0x6c ./Core/Src/sysmem.o
                0x080030f0                _sbrk
 .text.Reset_Handler
                0x0800315c       0x50 ./Core/Startup/startup_stm32h755zitx.o
                0x0800315c                Reset_Handler
 .text.Default_Handler
                0x080031ac        0x2 ./Core/Startup/startup_stm32h755zitx.o
                0x080031ac                RTC_Alarm_IRQHandler
                0x080031ac                HASH_RNG_IRQHandler
                0x080031ac                EXTI2_IRQHandler
                0x080031ac                TIM8_CC_IRQHandler
                0x080031ac                HRTIM1_Master_IRQHandler
                0x080031ac                UART8_IRQHandler
                0x080031ac                SPI4_IRQHandler
                0x080031ac                TIM1_CC_IRQHandler
                0x080031ac                BDMA_Channel6_IRQHandler
                0x080031ac                DMA2_Stream5_IRQHandler
                0x080031ac                HRTIM1_FLT_IRQHandler
                0x080031ac                JPEG_IRQHandler
                0x080031ac                DMA1_Stream5_IRQHandler
                0x080031ac                BDMA_Channel1_IRQHandler
                0x080031ac                HRTIM1_TIMD_IRQHandler
                0x080031ac                TAMP_STAMP_IRQHandler
                0x080031ac                EXTI3_IRQHandler
                0x080031ac                LPTIM4_IRQHandler
                0x080031ac                TIM8_TRG_COM_TIM14_IRQHandler
                0x080031ac                LPTIM2_IRQHandler
                0x080031ac                DFSDM1_FLT1_IRQHandler
                0x080031ac                DMAMUX2_OVR_IRQHandler
                0x080031ac                TIM8_UP_TIM13_IRQHandler
                0x080031ac                I2C3_ER_IRQHandler
                0x080031ac                DFSDM1_FLT2_IRQHandler
                0x080031ac                MDMA_IRQHandler
                0x080031ac                LPTIM3_IRQHandler
                0x080031ac                HSEM1_IRQHandler
                0x080031ac                EXTI0_IRQHandler
                0x080031ac                I2C2_EV_IRQHandler
                0x080031ac                DMA1_Stream2_IRQHandler
                0x080031ac                FPU_IRQHandler
                0x080031ac                OTG_HS_WKUP_IRQHandler
                0x080031ac                FDCAN1_IT1_IRQHandler
                0x080031ac                LTDC_ER_IRQHandler
                0x080031ac                DMA2_Stream2_IRQHandler
                0x080031ac                HRTIM1_TIME_IRQHandler
                0x080031ac                SPI1_IRQHandler
                0x080031ac                HRTIM1_TIMC_IRQHandler
                0x080031ac                DMA2_Stream3_IRQHandler
                0x080031ac                SAI2_IRQHandler
                0x080031ac                DFSDM1_FLT3_IRQHandler
                0x080031ac                USART6_IRQHandler
                0x080031ac                TIM17_IRQHandler
                0x080031ac                BDMA_Channel7_IRQHandler
                0x080031ac                CRYP_IRQHandler
                0x080031ac                LPTIM5_IRQHandler
                0x080031ac                UART5_IRQHandler
                0x080031ac                ADC3_IRQHandler
                0x080031ac                DMA2_Stream0_IRQHandler
                0x080031ac                TIM4_IRQHandler
                0x080031ac                BDMA_Channel2_IRQHandler
                0x080031ac                QUADSPI_IRQHandler
                0x080031ac                I2C1_EV_IRQHandler
                0x080031ac                DMA1_Stream6_IRQHandler
                0x080031ac                DMAMUX1_OVR_IRQHandler
                0x080031ac                DMA1_Stream1_IRQHandler
                0x080031ac                TIM16_IRQHandler
                0x080031ac                UART4_IRQHandler
                0x080031ac                BDMA_Channel5_IRQHandler
                0x080031ac                TIM3_IRQHandler
                0x080031ac                RCC_IRQHandler
                0x080031ac                TIM8_BRK_TIM12_IRQHandler
                0x080031ac                TIM1_TRG_COM_IRQHandler
                0x080031ac                Default_Handler
                0x080031ac                ECC_IRQHandler
                0x080031ac                CEC_IRQHandler
                0x080031ac                BDMA_Channel0_IRQHandler
                0x080031ac                ADC_IRQHandler
                0x080031ac                DMA1_Stream7_IRQHandler
                0x080031ac                HRTIM1_TIMA_IRQHandler
                0x080031ac                SPI5_IRQHandler
                0x080031ac                TIM7_IRQHandler
                0x080031ac                SDMMC1_IRQHandler
                0x080031ac                TIM5_IRQHandler
                0x080031ac                DMA2_Stream7_IRQHandler
                0x080031ac                TIM15_IRQHandler
                0x080031ac                PVD_AVD_IRQHandler
                0x080031ac                I2C3_EV_IRQHandler
                0x080031ac                EXTI9_5_IRQHandler
                0x080031ac                RTC_WKUP_IRQHandler
                0x080031ac                LTDC_IRQHandler
                0x080031ac                SAI3_IRQHandler
                0x080031ac                ETH_WKUP_IRQHandler
                0x080031ac                SPDIF_RX_IRQHandler
                0x080031ac                SPI2_IRQHandler
                0x080031ac                OTG_HS_EP1_IN_IRQHandler
                0x080031ac                CRS_IRQHandler
                0x080031ac                CM7_SEV_IRQHandler
                0x080031ac                EXTI4_IRQHandler
                0x080031ac                CM4_SEV_IRQHandler
                0x080031ac                HRTIM1_TIMB_IRQHandler
                0x080031ac                FDCAN2_IT1_IRQHandler
                0x080031ac                ETH_IRQHandler
                0x080031ac                TIM1_UP_IRQHandler
                0x080031ac                WWDG_RST_IRQHandler
                0x080031ac                BDMA_Channel4_IRQHandler
                0x080031ac                OTG_HS_EP1_OUT_IRQHandler
                0x080031ac                WWDG_IRQHandler
                0x080031ac                SPI6_IRQHandler
                0x080031ac                MDIOS_IRQHandler
                0x080031ac                I2C4_EV_IRQHandler
                0x080031ac                FDCAN2_IT0_IRQHandler
                0x080031ac                LPUART1_IRQHandler
                0x080031ac                FDCAN1_IT0_IRQHandler
                0x080031ac                TIM2_IRQHandler
                0x080031ac                OTG_FS_WKUP_IRQHandler
                0x080031ac                OTG_HS_IRQHandler
                0x080031ac                HSEM2_IRQHandler
                0x080031ac                DMA2D_IRQHandler
                0x080031ac                TIM1_BRK_IRQHandler
                0x080031ac                EXTI1_IRQHandler
                0x080031ac                SDMMC2_IRQHandler
                0x080031ac                OTG_FS_EP1_OUT_IRQHandler
                0x080031ac                BDMA_Channel3_IRQHandler
                0x080031ac                HOLD_CORE_IRQHandler
                0x080031ac                MDIOS_WKUP_IRQHandler
                0x080031ac                DFSDM1_FLT0_IRQHandler
                0x080031ac                SAI4_IRQHandler
                0x080031ac                I2C2_ER_IRQHandler
                0x080031ac                DMA2_Stream1_IRQHandler
                0x080031ac                FLASH_IRQHandler
                0x080031ac                DMA2_Stream4_IRQHandler
                0x080031ac                USART1_IRQHandler
                0x080031ac                OTG_FS_IRQHandler
                0x080031ac                SPI3_IRQHandler
                0x080031ac                WAKEUP_PIN_IRQHandler
                0x080031ac                DMA1_Stream4_IRQHandler
                0x080031ac                OTG_FS_EP1_IN_IRQHandler
                0x080031ac                I2C1_ER_IRQHandler
                0x080031ac                FMC_IRQHandler
                0x080031ac                FDCAN_CAL_IRQHandler
                0x080031ac                SWPMI1_IRQHandler
                0x080031ac                COMP1_IRQHandler
                0x080031ac                LPTIM1_IRQHandler
                0x080031ac                I2C4_ER_IRQHandler
                0x080031ac                DMA2_Stream6_IRQHandler
                0x080031ac                SAI1_IRQHandler
                0x080031ac                DMA1_Stream3_IRQHandler
 *fill*         0x080031ae        0x2 
 .text.LCD_write_com
                0x080031b0      0x100 ./Drivers/BSP/STM32H7xx_Nucleo/ili9341.o
                0x080031b0                LCD_write_com
 .text.LCD_write_dat
                0x080032b0      0x104 ./Drivers/BSP/STM32H7xx_Nucleo/ili9341.o
                0x080032b0                LCD_write_dat
 .text.LCD_init
                0x080033b4      0x340 ./Drivers/BSP/STM32H7xx_Nucleo/ili9341.o
                0x080033b4                LCD_init
 .text.LCD_clear
                0x080036f4       0xe0 ./Drivers/BSP/STM32H7xx_Nucleo/ili9341.o
                0x080036f4                LCD_clear
 .text.drawHLine
                0x080037d4       0x8c ./Drivers/BSP/STM32H7xx_Nucleo/ili9341.o
                0x080037d4                drawHLine
 .text.drawVLine
                0x08003860       0x8c ./Drivers/BSP/STM32H7xx_Nucleo/ili9341.o
                0x08003860                drawVLine
 .text.setXY    0x080038ec       0xf0 ./Drivers/BSP/STM32H7xx_Nucleo/ili9341.o
                0x080038ec                setXY
 .text.clrXY    0x080039dc       0x34 ./Drivers/BSP/STM32H7xx_Nucleo/ili9341.o
                0x080039dc                clrXY
 .text.setColor
                0x08003a10       0x34 ./Drivers/BSP/STM32H7xx_Nucleo/ili9341.o
                0x08003a10                setColor
 .text.setBackColor
                0x08003a44       0x50 ./Drivers/BSP/STM32H7xx_Nucleo/ili9341.o
                0x08003a44                setBackColor
 .text.fillRect
                0x08003a94       0xe0 ./Drivers/BSP/STM32H7xx_Nucleo/ili9341.o
                0x08003a94                fillRect
 .text.printChar
                0x08003b74      0x388 ./Drivers/BSP/STM32H7xx_Nucleo/ili9341.o
                0x08003b74                printChar
 *fill*         0x08003efc        0x4 
 .text.rotateChar
                0x08003f00      0x230 ./Drivers/BSP/STM32H7xx_Nucleo/ili9341.o
                0x08003f00                rotateChar
 .text.setFont  0x08004130       0x40 ./Drivers/BSP/STM32H7xx_Nucleo/ili9341.o
                0x08004130                setFont
 .text.print    0x08004170      0x10c ./Drivers/BSP/STM32H7xx_Nucleo/ili9341.o
                0x08004170                print
 .text.drawBitmap
                0x0800427c      0x13c ./Drivers/BSP/STM32H7xx_Nucleo/ili9341.o
                0x0800427c                drawBitmap
 .text.InitDisplay
                0x080043b8       0x18 ./Drivers/BSP/STM32H7xx_Nucleo/lcd.o
                0x080043b8                InitDisplay
 .text.Menu     0x080043d0      0x208 ./Drivers/BSP/STM32H7xx_Nucleo/lcd.o
                0x080043d0                Menu
 .text.RysujMenuTimer
                0x080045d8       0x3a ./Drivers/BSP/STM32H7xx_Nucleo/lcd.o
                0x080045d8                RysujMenuTimer
 *fill*         0x08004612        0x2 
 .text.WyswietlDane
                0x08004614       0x40 ./Drivers/BSP/STM32H7xx_Nucleo/lcd.o
                0x08004614                WyswietlDane
 .text.WyswietlDaneFloat
                0x08004654       0x4c ./Drivers/BSP/STM32H7xx_Nucleo/lcd.o
                0x08004654                WyswietlDaneFloat
 .text.WyswietlKodBledu
                0x080046a0       0x60 ./Drivers/BSP/STM32H7xx_Nucleo/lcd.o
                0x080046a0                WyswietlKodBledu
 .text.InitFraktal
                0x08004700       0xcc ./Drivers/BSP/STM32H7xx_Nucleo/lcd.o
                0x08004700                InitFraktal
 *fill*         0x080047cc        0x4 
 .text.FraktalTest
                0x080047d0      0x220 ./Drivers/BSP/STM32H7xx_Nucleo/lcd.o
                0x080047d0                FraktalTest
 .text.FraktalDemo
                0x080049f0      0x110 ./Drivers/BSP/STM32H7xx_Nucleo/lcd.o
                0x080049f0                FraktalDemo
 .text.GenerateJulia
                0x08004b00      0x158 ./Drivers/BSP/STM32H7xx_Nucleo/lcd.o
                0x08004b00                GenerateJulia
 .text.GenerateMandelbrot
                0x08004c58      0x224 ./Drivers/BSP/STM32H7xx_Nucleo/lcd.o
                0x08004c58                GenerateMandelbrot
 .text.MinalCzas
                0x08004e7c       0x34 ./Drivers/BSP/STM32H7xx_Nucleo/lcd.o
                0x08004e7c                MinalCzas
 .text.WyswietlPomoc
                0x08004eb0       0xf4 ./Drivers/BSP/STM32H7xx_Nucleo/lcd.o
                0x08004eb0                WyswietlPomoc
 .text.WyswietlAnalizeEth
                0x08004fa4       0xec ./Drivers/BSP/STM32H7xx_Nucleo/lcd.o
                0x08004fa4                WyswietlAnalizeEth
 .text.BSP_LED_Init
                0x08005090       0xec ./Drivers/BSP/STM32H7xx_Nucleo/stm32h7xx_nucleo.o
                0x08005090                BSP_LED_Init
 .text.BSP_LED_On
                0x0800517c       0x54 ./Drivers/BSP/STM32H7xx_Nucleo/stm32h7xx_nucleo.o
                0x0800517c                BSP_LED_On
 .text.BSP_LED_Off
                0x080051d0       0x54 ./Drivers/BSP/STM32H7xx_Nucleo/stm32h7xx_nucleo.o
                0x080051d0                BSP_LED_Off
 .text.BSP_LED_Toggle
                0x08005224       0x54 ./Drivers/BSP/STM32H7xx_Nucleo/stm32h7xx_nucleo.o
                0x08005224                BSP_LED_Toggle
 .text.BSP_PB_Init
                0x08005278       0xe4 ./Drivers/BSP/STM32H7xx_Nucleo/stm32h7xx_nucleo.o
                0x08005278                BSP_PB_Init
 .text.BSP_PB_IRQHandler
                0x0800535c       0x24 ./Drivers/BSP/STM32H7xx_Nucleo/stm32h7xx_nucleo.o
                0x0800535c                BSP_PB_IRQHandler
 .text.BSP_COM_Init
                0x08005380       0x60 ./Drivers/BSP/STM32H7xx_Nucleo/stm32h7xx_nucleo.o
                0x08005380                BSP_COM_Init
 .text.MX_USART3_Init
                0x080053e0       0x64 ./Drivers/BSP/STM32H7xx_Nucleo/stm32h7xx_nucleo.o
                0x080053e0                MX_USART3_Init
 .text.__io_putchar
                0x08005444       0x38 ./Drivers/BSP/STM32H7xx_Nucleo/stm32h7xx_nucleo.o
                0x08005444                __io_putchar
 .text.BUTTON_USER_EXTI_Callback
                0x0800547c        0xe ./Drivers/BSP/STM32H7xx_Nucleo/stm32h7xx_nucleo.o
 *fill*         0x0800548a        0x2 
 .text.COM1_MspInit
                0x0800548c       0xb0 ./Drivers/BSP/STM32H7xx_Nucleo/stm32h7xx_nucleo.o
 .text.HAL_Init
                0x0800553c       0x78 ./Drivers/STM32H7xx_HAL_Driver/stm32h7xx_hal.o
                0x0800553c                HAL_Init
 .text.HAL_IncTick
                0x080055b4       0x28 ./Drivers/STM32H7xx_HAL_Driver/stm32h7xx_hal.o
                0x080055b4                HAL_IncTick
 .text.HAL_GetTick
                0x080055dc       0x18 ./Drivers/STM32H7xx_HAL_Driver/stm32h7xx_hal.o
                0x080055dc                HAL_GetTick
 .text.HAL_Delay
                0x080055f4       0x48 ./Drivers/STM32H7xx_HAL_Driver/stm32h7xx_hal.o
                0x080055f4                HAL_Delay
 .text.HAL_GetREVID
                0x0800563c       0x18 ./Drivers/STM32H7xx_HAL_Driver/stm32h7xx_hal.o
                0x0800563c                HAL_GetREVID
 .text.HAL_SYSCFG_ETHInterfaceSelect
                0x08005654       0x28 ./Drivers/STM32H7xx_HAL_Driver/stm32h7xx_hal.o
                0x08005654                HAL_SYSCFG_ETHInterfaceSelect
 .text.__NVIC_SetPriorityGrouping
                0x0800567c       0x48 ./Drivers/STM32H7xx_HAL_Driver/stm32h7xx_hal_cortex.o
 .text.__NVIC_GetPriorityGrouping
                0x080056c4       0x1c ./Drivers/STM32H7xx_HAL_Driver/stm32h7xx_hal_cortex.o
 .text.__NVIC_EnableIRQ
                0x080056e0       0x3c ./Drivers/STM32H7xx_HAL_Driver/stm32h7xx_hal_cortex.o
 .text.__NVIC_SetPriority
                0x0800571c       0x54 ./Drivers/STM32H7xx_HAL_Driver/stm32h7xx_hal_cortex.o
 .text.NVIC_EncodePriority
                0x08005770       0x66 ./Drivers/STM32H7xx_HAL_Driver/stm32h7xx_hal_cortex.o
 .text.HAL_NVIC_SetPriorityGrouping
                0x080057d6       0x16 ./Drivers/STM32H7xx_HAL_Driver/stm32h7xx_hal_cortex.o
                0x080057d6                HAL_NVIC_SetPriorityGrouping
 .text.HAL_NVIC_SetPriority
                0x080057ec       0x34 ./Drivers/STM32H7xx_HAL_Driver/stm32h7xx_hal_cortex.o
                0x080057ec                HAL_NVIC_SetPriority
 .text.HAL_NVIC_EnableIRQ
                0x08005820       0x1c ./Drivers/STM32H7xx_HAL_Driver/stm32h7xx_hal_cortex.o
                0x08005820                HAL_NVIC_EnableIRQ
 .text.HAL_MPU_Disable
                0x0800583c       0x30 ./Drivers/STM32H7xx_HAL_Driver/stm32h7xx_hal_cortex.o
                0x0800583c                HAL_MPU_Disable
 .text.HAL_MPU_Enable
                0x0800586c       0x40 ./Drivers/STM32H7xx_HAL_Driver/stm32h7xx_hal_cortex.o
                0x0800586c                HAL_MPU_Enable
 .text.HAL_MPU_ConfigRegion
                0x080058ac       0x80 ./Drivers/STM32H7xx_HAL_Driver/stm32h7xx_hal_cortex.o
                0x080058ac                HAL_MPU_ConfigRegion
 .text.HAL_GetCurrentCPUID
                0x0800592c       0x28 ./Drivers/STM32H7xx_HAL_Driver/stm32h7xx_hal_cortex.o
                0x0800592c                HAL_GetCurrentCPUID
 .text.HAL_CRC_Init
                0x08005954       0xc8 ./Drivers/STM32H7xx_HAL_Driver/stm32h7xx_hal_crc.o
                0x08005954                HAL_CRC_Init
 .text.HAL_CRCEx_Polynomial_Set
                0x08005a1c      0x11c ./Drivers/STM32H7xx_HAL_Driver/stm32h7xx_hal_crc_ex.o
                0x08005a1c                HAL_CRCEx_Polynomial_Set
 .text.HAL_DCMI_Init
                0x08005b38       0xf4 ./Drivers/STM32H7xx_HAL_Driver/stm32h7xx_hal_dcmi.o
                0x08005b38                HAL_DCMI_Init
 .text.HAL_DCMI_Start_DMA
                0x08005c2c      0x184 ./Drivers/STM32H7xx_HAL_Driver/stm32h7xx_hal_dcmi.o
                0x08005c2c                HAL_DCMI_Start_DMA
 .text.HAL_DCMI_Stop
                0x08005db0       0xc0 ./Drivers/STM32H7xx_HAL_Driver/stm32h7xx_hal_dcmi.o
                0x08005db0                HAL_DCMI_Stop
 .text.HAL_DCMI_IRQHandler
                0x08005e70      0x104 ./Drivers/STM32H7xx_HAL_Driver/stm32h7xx_hal_dcmi.o
                0x08005e70                HAL_DCMI_IRQHandler
 .text.DCMI_DMAXferCplt
                0x08005f74      0x126 ./Drivers/STM32H7xx_HAL_Driver/stm32h7xx_hal_dcmi.o
 .text.DCMI_DMAError
                0x0800609a       0x3a ./Drivers/STM32H7xx_HAL_Driver/stm32h7xx_hal_dcmi.o
 .text.HAL_DMA_Init
                0x080060d4      0x6b8 ./Drivers/STM32H7xx_HAL_Driver/stm32h7xx_hal_dma.o
                0x080060d4                HAL_DMA_Init
 .text.HAL_DMA_Start_IT
                0x0800678c      0x4d4 ./Drivers/STM32H7xx_HAL_Driver/stm32h7xx_hal_dma.o
                0x0800678c                HAL_DMA_Start_IT
 .text.HAL_DMA_Abort
                0x08006c60      0x63c ./Drivers/STM32H7xx_HAL_Driver/stm32h7xx_hal_dma.o
                0x08006c60                HAL_DMA_Abort
 .text.HAL_DMA_Abort_IT
                0x0800729c      0x48c ./Drivers/STM32H7xx_HAL_Driver/stm32h7xx_hal_dma.o
                0x0800729c                HAL_DMA_Abort_IT
 .text.HAL_DMA_IRQHandler
                0x08007728      0xe54 ./Drivers/STM32H7xx_HAL_Driver/stm32h7xx_hal_dma.o
                0x08007728                HAL_DMA_IRQHandler
 .text.DMA_SetConfig
                0x0800857c      0x358 ./Drivers/STM32H7xx_HAL_Driver/stm32h7xx_hal_dma.o
 .text.DMA_CalcBaseAndBitshift
                0x080088d4      0x164 ./Drivers/STM32H7xx_HAL_Driver/stm32h7xx_hal_dma.o
 .text.DMA_CheckFifoParam
                0x08008a38       0xf8 ./Drivers/STM32H7xx_HAL_Driver/stm32h7xx_hal_dma.o
 .text.DMA_CalcDMAMUXChannelBaseAndMask
                0x08008b30      0x134 ./Drivers/STM32H7xx_HAL_Driver/stm32h7xx_hal_dma.o
 .text.DMA_CalcDMAMUXRequestGenBaseAndMask
                0x08008c64       0xe8 ./Drivers/STM32H7xx_HAL_Driver/stm32h7xx_hal_dma.o
 .text.HAL_DMAEx_MultiBufferStart_IT
                0x08008d4c      0x6bc ./Drivers/STM32H7xx_HAL_Driver/stm32h7xx_hal_dma_ex.o
                0x08008d4c                HAL_DMAEx_MultiBufferStart_IT
 .text.HAL_DMAEx_ChangeMemory
                0x08009408      0x138 ./Drivers/STM32H7xx_HAL_Driver/stm32h7xx_hal_dma_ex.o
                0x08009408                HAL_DMAEx_ChangeMemory
 .text.DMA_MultiBufferSetConfig
                0x08009540      0x16c ./Drivers/STM32H7xx_HAL_Driver/stm32h7xx_hal_dma_ex.o
 .text.HAL_ETH_Init
                0x080096ac      0x1fc ./Drivers/STM32H7xx_HAL_Driver/stm32h7xx_hal_eth.o
                0x080096ac                HAL_ETH_Init
 .text.HAL_ETH_Start
                0x080098a8       0xc4 ./Drivers/STM32H7xx_HAL_Driver/stm32h7xx_hal_eth.o
                0x080098a8                HAL_ETH_Start
 .text.HAL_ETH_ReadData
                0x0800996c      0x17a ./Drivers/STM32H7xx_HAL_Driver/stm32h7xx_hal_eth.o
                0x0800996c                HAL_ETH_ReadData
 .text.ETH_UpdateDescriptor
                0x08009ae6       0xf2 ./Drivers/STM32H7xx_HAL_Driver/stm32h7xx_hal_eth.o
 .text.HAL_ETH_RxAllocateCallback
                0x08009bd8       0x14 ./Drivers/STM32H7xx_HAL_Driver/stm32h7xx_hal_eth.o
                0x08009bd8                HAL_ETH_RxAllocateCallback
 .text.HAL_ETH_RxLinkCallback
                0x08009bec       0x1a ./Drivers/STM32H7xx_HAL_Driver/stm32h7xx_hal_eth.o
                0x08009bec                HAL_ETH_RxLinkCallback
 *fill*         0x08009c06        0x2 
 .text.HAL_ETH_SetMDIOClockRange
                0x08009c08       0xa0 ./Drivers/STM32H7xx_HAL_Driver/stm32h7xx_hal_eth.o
                0x08009c08                HAL_ETH_SetMDIOClockRange
 .text.ETH_SetMACConfig
                0x08009ca8      0x238 ./Drivers/STM32H7xx_HAL_Driver/stm32h7xx_hal_eth.o
 .text.ETH_SetDMAConfig
                0x08009ee0      0x10c ./Drivers/STM32H7xx_HAL_Driver/stm32h7xx_hal_eth.o
 .text.ETH_MACDMAConfig
                0x08009fec      0x13a ./Drivers/STM32H7xx_HAL_Driver/stm32h7xx_hal_eth.o
 .text.ETH_DMATxDescListInit
                0x0800a126       0x92 ./Drivers/STM32H7xx_HAL_Driver/stm32h7xx_hal_eth.o
 .text.ETH_DMARxDescListInit
                0x0800a1b8       0xba ./Drivers/STM32H7xx_HAL_Driver/stm32h7xx_hal_eth.o
 .text.HAL_EXTI_RegisterCallback
                0x0800a272       0x3e ./Drivers/STM32H7xx_HAL_Driver/stm32h7xx_hal_exti.o
                0x0800a272                HAL_EXTI_RegisterCallback
 .text.HAL_EXTI_GetHandle
                0x0800a2b0       0x28 ./Drivers/STM32H7xx_HAL_Driver/stm32h7xx_hal_exti.o
                0x0800a2b0                HAL_EXTI_GetHandle
 .text.HAL_EXTI_IRQHandler
                0x0800a2d8       0x78 ./Drivers/STM32H7xx_HAL_Driver/stm32h7xx_hal_exti.o
                0x0800a2d8                HAL_EXTI_IRQHandler
 .text.HAL_GPIO_Init
                0x0800a350      0x360 ./Drivers/STM32H7xx_HAL_Driver/stm32h7xx_hal_gpio.o
                0x0800a350                HAL_GPIO_Init
 .text.HAL_GPIO_WritePin
                0x0800a6b0       0x32 ./Drivers/STM32H7xx_HAL_Driver/stm32h7xx_hal_gpio.o
                0x0800a6b0                HAL_GPIO_WritePin
 .text.HAL_GPIO_TogglePin
                0x0800a6e2       0x34 ./Drivers/STM32H7xx_HAL_Driver/stm32h7xx_hal_gpio.o
                0x0800a6e2                HAL_GPIO_TogglePin
 *fill*         0x0800a716        0x2 
 .text.HAL_HSEM_FastTake
                0x0800a718       0x34 ./Drivers/STM32H7xx_HAL_Driver/stm32h7xx_hal_hsem.o
                0x0800a718                HAL_HSEM_FastTake
 .text.HAL_HSEM_Release
                0x0800a74c       0x28 ./Drivers/STM32H7xx_HAL_Driver/stm32h7xx_hal_hsem.o
                0x0800a74c                HAL_HSEM_Release
 .text.HAL_I2C_Init
                0x0800a774      0x138 ./Drivers/STM32H7xx_HAL_Driver/stm32h7xx_hal_i2c.o
                0x0800a774                HAL_I2C_Init
 .text.HAL_I2C_Master_Transmit
                0x0800a8ac      0x230 ./Drivers/STM32H7xx_HAL_Driver/stm32h7xx_hal_i2c.o
                0x0800a8ac                HAL_I2C_Master_Transmit
 .text.HAL_I2C_Master_Receive
                0x0800aadc      0x1ec ./Drivers/STM32H7xx_HAL_Driver/stm32h7xx_hal_i2c.o
                0x0800aadc                HAL_I2C_Master_Receive
 .text.I2C_Flush_TXDR
                0x0800acc8       0x48 ./Drivers/STM32H7xx_HAL_Driver/stm32h7xx_hal_i2c.o
 .text.I2C_WaitOnFlagUntilTimeout
                0x0800ad10       0xb2 ./Drivers/STM32H7xx_HAL_Driver/stm32h7xx_hal_i2c.o
 .text.I2C_WaitOnTXISFlagUntilTimeout
                0x0800adc2       0x8e ./Drivers/STM32H7xx_HAL_Driver/stm32h7xx_hal_i2c.o
 .text.I2C_WaitOnSTOPFlagUntilTimeout
                0x0800ae50       0x86 ./Drivers/STM32H7xx_HAL_Driver/stm32h7xx_hal_i2c.o
 *fill*         0x0800aed6        0x2 
 .text.I2C_WaitOnRXNEFlagUntilTimeout
                0x0800aed8      0x118 ./Drivers/STM32H7xx_HAL_Driver/stm32h7xx_hal_i2c.o
 .text.I2C_IsErrorOccurred
                0x0800aff0      0x1c0 ./Drivers/STM32H7xx_HAL_Driver/stm32h7xx_hal_i2c.o
 .text.I2C_TransferConfig
                0x0800b1b0       0x64 ./Drivers/STM32H7xx_HAL_Driver/stm32h7xx_hal_i2c.o
 .text.HAL_I2CEx_ConfigAnalogFilter
                0x0800b214       0x96 ./Drivers/STM32H7xx_HAL_Driver/stm32h7xx_hal_i2c_ex.o
                0x0800b214                HAL_I2CEx_ConfigAnalogFilter
 .text.HAL_I2CEx_ConfigDigitalFilter
                0x0800b2aa       0x98 ./Drivers/STM32H7xx_HAL_Driver/stm32h7xx_hal_i2c_ex.o
                0x0800b2aa                HAL_I2CEx_ConfigDigitalFilter
 *fill*         0x0800b342        0x2 
 .text.HAL_I2CEx_EnableFastModePlus
                0x0800b344       0x48 ./Drivers/STM32H7xx_HAL_Driver/stm32h7xx_hal_i2c_ex.o
                0x0800b344                HAL_I2CEx_EnableFastModePlus
 .text.HAL_PWR_ConfigPVD
                0x0800b38c       0x8c ./Drivers/STM32H7xx_HAL_Driver/stm32h7xx_hal_pwr.o
                0x0800b38c                HAL_PWR_ConfigPVD
 .text.HAL_PWR_EnablePVD
                0x0800b418       0x20 ./Drivers/STM32H7xx_HAL_Driver/stm32h7xx_hal_pwr.o
                0x0800b418                HAL_PWR_EnablePVD
 .text.HAL_PWREx_ConfigSupply
                0x0800b438       0xb4 ./Drivers/STM32H7xx_HAL_Driver/stm32h7xx_hal_pwr_ex.o
                0x0800b438                HAL_PWREx_ConfigSupply
 .text.HAL_RCC_OscConfig
                0x0800b4ec      0x8b4 ./Drivers/STM32H7xx_HAL_Driver/stm32h7xx_hal_rcc.o
                0x0800b4ec                HAL_RCC_OscConfig
 .text.HAL_RCC_ClockConfig
                0x0800bda0      0x36c ./Drivers/STM32H7xx_HAL_Driver/stm32h7xx_hal_rcc.o
                0x0800bda0                HAL_RCC_ClockConfig
 .text.HAL_RCC_GetSysClockFreq
                0x0800c10c      0x2f4 ./Drivers/STM32H7xx_HAL_Driver/stm32h7xx_hal_rcc.o
                0x0800c10c                HAL_RCC_GetSysClockFreq
 .text.HAL_RCC_GetHCLKFreq
                0x0800c400       0x60 ./Drivers/STM32H7xx_HAL_Driver/stm32h7xx_hal_rcc.o
                0x0800c400                HAL_RCC_GetHCLKFreq
 .text.HAL_RCC_GetPCLK1Freq
                0x0800c460       0x2c ./Drivers/STM32H7xx_HAL_Driver/stm32h7xx_hal_rcc.o
                0x0800c460                HAL_RCC_GetPCLK1Freq
 .text.HAL_RCC_GetPCLK2Freq
                0x0800c48c       0x2c ./Drivers/STM32H7xx_HAL_Driver/stm32h7xx_hal_rcc.o
                0x0800c48c                HAL_RCC_GetPCLK2Freq
 .text.HAL_RCC_GetClockConfig
                0x0800c4b8       0x84 ./Drivers/STM32H7xx_HAL_Driver/stm32h7xx_hal_rcc.o
                0x0800c4b8                HAL_RCC_GetClockConfig
 .text.HAL_RCCEx_PeriphCLKConfig
                0x0800c53c     0x1414 ./Drivers/STM32H7xx_HAL_Driver/stm32h7xx_hal_rcc_ex.o
                0x0800c53c                HAL_RCCEx_PeriphCLKConfig
 .text.HAL_RCCEx_GetD3PCLK1Freq
                0x0800d950       0x2c ./Drivers/STM32H7xx_HAL_Driver/stm32h7xx_hal_rcc_ex.o
                0x0800d950                HAL_RCCEx_GetD3PCLK1Freq
 .text.HAL_RCCEx_GetPLL2ClockFreq
                0x0800d97c      0x2a8 ./Drivers/STM32H7xx_HAL_Driver/stm32h7xx_hal_rcc_ex.o
                0x0800d97c                HAL_RCCEx_GetPLL2ClockFreq
 .text.HAL_RCCEx_GetPLL3ClockFreq
                0x0800dc24      0x2a8 ./Drivers/STM32H7xx_HAL_Driver/stm32h7xx_hal_rcc_ex.o
                0x0800dc24                HAL_RCCEx_GetPLL3ClockFreq
 .text.RCCEx_PLL2_Config
                0x0800decc      0x164 ./Drivers/STM32H7xx_HAL_Driver/stm32h7xx_hal_rcc_ex.o
 .text.RCCEx_PLL3_Config
                0x0800e030      0x164 ./Drivers/STM32H7xx_HAL_Driver/stm32h7xx_hal_rcc_ex.o
 .text.HAL_TIM_Base_Init
                0x0800e194       0xae ./Drivers/STM32H7xx_HAL_Driver/stm32h7xx_hal_tim.o
                0x0800e194                HAL_TIM_Base_Init
 *fill*         0x0800e242        0x2 
 .text.HAL_TIM_Base_Start_IT
                0x0800e244       0xf0 ./Drivers/STM32H7xx_HAL_Driver/stm32h7xx_hal_tim.o
                0x0800e244                HAL_TIM_Base_Start_IT
 .text.HAL_TIM_PWM_Init
                0x0800e334       0xae ./Drivers/STM32H7xx_HAL_Driver/stm32h7xx_hal_tim.o
                0x0800e334                HAL_TIM_PWM_Init
 .text.HAL_TIM_PWM_MspInit
                0x0800e3e2       0x14 ./Drivers/STM32H7xx_HAL_Driver/stm32h7xx_hal_tim.o
                0x0800e3e2                HAL_TIM_PWM_MspInit
 .text.HAL_TIM_IRQHandler
                0x0800e3f6      0x20e ./Drivers/STM32H7xx_HAL_Driver/stm32h7xx_hal_tim.o
                0x0800e3f6                HAL_TIM_IRQHandler
 .text.HAL_TIM_PWM_ConfigChannel
                0x0800e604      0x228 ./Drivers/STM32H7xx_HAL_Driver/stm32h7xx_hal_tim.o
                0x0800e604                HAL_TIM_PWM_ConfigChannel
 .text.HAL_TIM_OC_DelayElapsedCallback
                0x0800e82c       0x14 ./Drivers/STM32H7xx_HAL_Driver/stm32h7xx_hal_tim.o
                0x0800e82c                HAL_TIM_OC_DelayElapsedCallback
 .text.HAL_TIM_IC_CaptureCallback
                0x0800e840       0x14 ./Drivers/STM32H7xx_HAL_Driver/stm32h7xx_hal_tim.o
                0x0800e840                HAL_TIM_IC_CaptureCallback
 .text.HAL_TIM_PWM_PulseFinishedCallback
                0x0800e854       0x14 ./Drivers/STM32H7xx_HAL_Driver/stm32h7xx_hal_tim.o
                0x0800e854                HAL_TIM_PWM_PulseFinishedCallback
 .text.HAL_TIM_TriggerCallback
                0x0800e868       0x14 ./Drivers/STM32H7xx_HAL_Driver/stm32h7xx_hal_tim.o
                0x0800e868                HAL_TIM_TriggerCallback
 .text.TIM_Base_SetConfig
                0x0800e87c      0x14c ./Drivers/STM32H7xx_HAL_Driver/stm32h7xx_hal_tim.o
                0x0800e87c                TIM_Base_SetConfig
 .text.TIM_OC1_SetConfig
                0x0800e9c8      0x120 ./Drivers/STM32H7xx_HAL_Driver/stm32h7xx_hal_tim.o
 .text.TIM_OC2_SetConfig
                0x0800eae8      0x114 ./Drivers/STM32H7xx_HAL_Driver/stm32h7xx_hal_tim.o
                0x0800eae8                TIM_OC2_SetConfig
 .text.TIM_OC3_SetConfig
                0x0800ebfc      0x110 ./Drivers/STM32H7xx_HAL_Driver/stm32h7xx_hal_tim.o
 .text.TIM_OC4_SetConfig
                0x0800ed0c       0xd4 ./Drivers/STM32H7xx_HAL_Driver/stm32h7xx_hal_tim.o
 .text.TIM_OC5_SetConfig
                0x0800ede0       0xc8 ./Drivers/STM32H7xx_HAL_Driver/stm32h7xx_hal_tim.o
 .text.TIM_OC6_SetConfig
                0x0800eea8       0xcc ./Drivers/STM32H7xx_HAL_Driver/stm32h7xx_hal_tim.o
 .text.HAL_TIMEx_CommutCallback
                0x0800ef74       0x14 ./Drivers/STM32H7xx_HAL_Driver/stm32h7xx_hal_tim_ex.o
                0x0800ef74                HAL_TIMEx_CommutCallback
 .text.HAL_TIMEx_BreakCallback
                0x0800ef88       0x14 ./Drivers/STM32H7xx_HAL_Driver/stm32h7xx_hal_tim_ex.o
                0x0800ef88                HAL_TIMEx_BreakCallback
 .text.HAL_TIMEx_Break2Callback
                0x0800ef9c       0x14 ./Drivers/STM32H7xx_HAL_Driver/stm32h7xx_hal_tim_ex.o
                0x0800ef9c                HAL_TIMEx_Break2Callback
 .text.HAL_UART_Init
                0x0800efb0       0xa0 ./Drivers/STM32H7xx_HAL_Driver/stm32h7xx_hal_uart.o
                0x0800efb0                HAL_UART_Init
 .text.HAL_UART_Transmit
                0x0800f050      0x11c ./Drivers/STM32H7xx_HAL_Driver/stm32h7xx_hal_uart.o
                0x0800f050                HAL_UART_Transmit
 .text.HAL_UART_Receive_IT
                0x0800f16c       0x98 ./Drivers/STM32H7xx_HAL_Driver/stm32h7xx_hal_uart.o
                0x0800f16c                HAL_UART_Receive_IT
 .text.HAL_UART_IRQHandler
                0x0800f204      0x774 ./Drivers/STM32H7xx_HAL_Driver/stm32h7xx_hal_uart.o
                0x0800f204                HAL_UART_IRQHandler
 .text.HAL_UART_TxCpltCallback
                0x0800f978       0x14 ./Drivers/STM32H7xx_HAL_Driver/stm32h7xx_hal_uart.o
                0x0800f978                HAL_UART_TxCpltCallback
 .text.HAL_UART_RxCpltCallback
                0x0800f98c       0x14 ./Drivers/STM32H7xx_HAL_Driver/stm32h7xx_hal_uart.o
                0x0800f98c                HAL_UART_RxCpltCallback
 .text.HAL_UART_ErrorCallback
                0x0800f9a0       0x14 ./Drivers/STM32H7xx_HAL_Driver/stm32h7xx_hal_uart.o
                0x0800f9a0                HAL_UART_ErrorCallback
 .text.HAL_UARTEx_RxEventCallback
                0x0800f9b4       0x18 ./Drivers/STM32H7xx_HAL_Driver/stm32h7xx_hal_uart.o
                0x0800f9b4                HAL_UARTEx_RxEventCallback
 .text.UART_SetConfig
                0x0800f9cc      0xad0 ./Drivers/STM32H7xx_HAL_Driver/stm32h7xx_hal_uart.o
                0x0800f9cc                UART_SetConfig
 .text.UART_AdvFeatureConfig
                0x0801049c      0x144 ./Drivers/STM32H7xx_HAL_Driver/stm32h7xx_hal_uart.o
                0x0801049c                UART_AdvFeatureConfig
 .text.UART_CheckIdleState
                0x080105e0      0x154 ./Drivers/STM32H7xx_HAL_Driver/stm32h7xx_hal_uart.o
                0x080105e0                UART_CheckIdleState
 .text.UART_WaitOnFlagUntilTimeout
                0x08010734       0xda ./Drivers/STM32H7xx_HAL_Driver/stm32h7xx_hal_uart.o
                0x08010734                UART_WaitOnFlagUntilTimeout
 *fill*         0x0801080e        0x2 
 .text.UART_Start_Receive_IT
                0x08010810      0x244 ./Drivers/STM32H7xx_HAL_Driver/stm32h7xx_hal_uart.o
                0x08010810                UART_Start_Receive_IT
 .text.UART_EndRxTransfer
                0x08010a54       0xcc ./Drivers/STM32H7xx_HAL_Driver/stm32h7xx_hal_uart.o
 .text.UART_DMAAbortOnError
                0x08010b20       0x2c ./Drivers/STM32H7xx_HAL_Driver/stm32h7xx_hal_uart.o
 .text.UART_EndTransmit_IT
                0x08010b4c       0x56 ./Drivers/STM32H7xx_HAL_Driver/stm32h7xx_hal_uart.o
 *fill*         0x08010ba2        0x2 
 .text.UART_RxISR_8BIT
                0x08010ba4      0x1b8 ./Drivers/STM32H7xx_HAL_Driver/stm32h7xx_hal_uart.o
 .text.UART_RxISR_16BIT
                0x08010d5c      0x1b8 ./Drivers/STM32H7xx_HAL_Driver/stm32h7xx_hal_uart.o
 .text.UART_RxISR_8BIT_FIFOEN
                0x08010f14      0x360 ./Drivers/STM32H7xx_HAL_Driver/stm32h7xx_hal_uart.o
 .text.UART_RxISR_16BIT_FIFOEN
                0x08011274      0x368 ./Drivers/STM32H7xx_HAL_Driver/stm32h7xx_hal_uart.o
 .text.HAL_UARTEx_WakeupCallback
                0x080115dc       0x14 ./Drivers/STM32H7xx_HAL_Driver/stm32h7xx_hal_uart_ex.o
                0x080115dc                HAL_UARTEx_WakeupCallback
 .text.HAL_UARTEx_RxFifoFullCallback
                0x080115f0       0x14 ./Drivers/STM32H7xx_HAL_Driver/stm32h7xx_hal_uart_ex.o
                0x080115f0                HAL_UARTEx_RxFifoFullCallback
 .text.HAL_UARTEx_TxFifoEmptyCallback
                0x08011604       0x14 ./Drivers/STM32H7xx_HAL_Driver/stm32h7xx_hal_uart_ex.o
                0x08011604                HAL_UARTEx_TxFifoEmptyCallback
 .text.HAL_UARTEx_DisableFifoMode
                0x08011618       0x72 ./Drivers/STM32H7xx_HAL_Driver/stm32h7xx_hal_uart_ex.o
                0x08011618                HAL_UARTEx_DisableFifoMode
 .text.HAL_UARTEx_SetTxFifoThreshold
                0x0801168a       0x7c ./Drivers/STM32H7xx_HAL_Driver/stm32h7xx_hal_uart_ex.o
                0x0801168a                HAL_UARTEx_SetTxFifoThreshold
 .text.HAL_UARTEx_SetRxFifoThreshold
                0x08011706       0x7c ./Drivers/STM32H7xx_HAL_Driver/stm32h7xx_hal_uart_ex.o
                0x08011706                HAL_UARTEx_SetRxFifoThreshold
 *fill*         0x08011782        0x2 
 .text.UARTEx_SetNbDataToProcess
                0x08011784       0x9c ./Drivers/STM32H7xx_HAL_Driver/stm32h7xx_hal_uart_ex.o
 .text.makeFreeRtosPriority
                0x08011820       0x30 ./Middlewares/Third_Party/FreeRTOS/cmsis_os.o
 .text.osKernelStart
                0x08011850        0xe ./Middlewares/Third_Party/FreeRTOS/cmsis_os.o
                0x08011850                osKernelStart
 .text.osThreadCreate
                0x0801185e       0x98 ./Middlewares/Third_Party/FreeRTOS/cmsis_os.o
                0x0801185e                osThreadCreate
 .text.osDelay  0x080118f6       0x28 ./Middlewares/Third_Party/FreeRTOS/cmsis_os.o
                0x080118f6                osDelay
 *fill*         0x0801191e        0x2 
 .text.pvPortMalloc
                0x08011920      0x19c ./Middlewares/Third_Party/FreeRTOS/heap_4.o
                0x08011920                pvPortMalloc
 .text.vPortFree
                0x08011abc       0xc8 ./Middlewares/Third_Party/FreeRTOS/heap_4.o
                0x08011abc                vPortFree
 .text.prvHeapInit
                0x08011b84       0xc4 ./Middlewares/Third_Party/FreeRTOS/heap_4.o
 .text.prvInsertBlockIntoFreeList
                0x08011c48       0xb4 ./Middlewares/Third_Party/FreeRTOS/heap_4.o
 .text.vListInitialise
                0x08011cfc       0x40 ./Middlewares/Third_Party/FreeRTOS/list.o
                0x08011cfc                vListInitialise
 .text.vListInitialiseItem
                0x08011d3c       0x1a ./Middlewares/Third_Party/FreeRTOS/list.o
                0x08011d3c                vListInitialiseItem
 .text.vListInsertEnd
                0x08011d56       0x48 ./Middlewares/Third_Party/FreeRTOS/list.o
                0x08011d56                vListInsertEnd
 .text.vListInsert
                0x08011d9e       0x72 ./Middlewares/Third_Party/FreeRTOS/list.o
                0x08011d9e                vListInsert
 .text.uxListRemove
                0x08011e10       0x54 ./Middlewares/Third_Party/FreeRTOS/list.o
                0x08011e10                uxListRemove
 .text.pxPortInitialiseStack
                0x08011e64       0x68 ./Middlewares/Third_Party/FreeRTOS/port.o
                0x08011e64                pxPortInitialiseStack
 .text.prvTaskExitError
                0x08011ecc       0x5c ./Middlewares/Third_Party/FreeRTOS/port.o
 *fill*         0x08011f28        0x8 
 .text.SVC_Handler
                0x08011f30       0x28 ./Middlewares/Third_Party/FreeRTOS/port.o
                0x08011f30                SVC_Handler
 .text.prvPortStartFirstTask
                0x08011f58       0x28 ./Middlewares/Third_Party/FreeRTOS/port.o
 .text.xPortStartScheduler
                0x08011f80      0x148 ./Middlewares/Third_Party/FreeRTOS/port.o
                0x08011f80                xPortStartScheduler
 .text.vPortEnterCritical
                0x080120c8       0x64 ./Middlewares/Third_Party/FreeRTOS/port.o
                0x080120c8                vPortEnterCritical
 .text.vPortExitCritical
                0x0801212c       0x54 ./Middlewares/Third_Party/FreeRTOS/port.o
                0x0801212c                vPortExitCritical
 .text.PendSV_Handler
                0x08012180       0x68 ./Middlewares/Third_Party/FreeRTOS/port.o
                0x08012180                PendSV_Handler
 .text.SysTick_Handler
                0x080121e8       0x44 ./Middlewares/Third_Party/FreeRTOS/port.o
                0x080121e8                SysTick_Handler
 .text.vPortSetupTimerInterrupt
                0x0801222c       0x48 ./Middlewares/Third_Party/FreeRTOS/port.o
                0x0801222c                vPortSetupTimerInterrupt
 .text.vPortEnableVFP
                0x08012274       0x14 ./Middlewares/Third_Party/FreeRTOS/port.o
 .text.xTaskCreateStatic
                0x08012288       0xc0 ./Middlewares/Third_Party/FreeRTOS/tasks.o
                0x08012288                xTaskCreateStatic
 .text.xTaskCreate
                0x08012348       0x8a ./Middlewares/Third_Party/FreeRTOS/tasks.o
                0x08012348                xTaskCreate
 *fill*         0x080123d2        0x2 
 .text.prvInitialiseNewTask
                0x080123d4      0x140 ./Middlewares/Third_Party/FreeRTOS/tasks.o
 .text.prvAddNewTaskToReadyList
                0x08012514       0xd4 ./Middlewares/Third_Party/FreeRTOS/tasks.o
 .text.vTaskDelay
                0x080125e8       0x6c ./Middlewares/Third_Party/FreeRTOS/tasks.o
                0x080125e8                vTaskDelay
 .text.vTaskStartScheduler
                0x08012654       0xd4 ./Middlewares/Third_Party/FreeRTOS/tasks.o
                0x08012654                vTaskStartScheduler
 .text.vTaskSuspendAll
                0x08012728       0x1c ./Middlewares/Third_Party/FreeRTOS/tasks.o
                0x08012728                vTaskSuspendAll
 .text.xTaskResumeAll
                0x08012744      0x13c ./Middlewares/Third_Party/FreeRTOS/tasks.o
                0x08012744                xTaskResumeAll
 .text.xTaskIncrementTick
                0x08012880      0x174 ./Middlewares/Third_Party/FreeRTOS/tasks.o
                0x08012880                xTaskIncrementTick
 .text.vTaskSwitchContext
                0x080129f4       0xc8 ./Middlewares/Third_Party/FreeRTOS/tasks.o
                0x080129f4                vTaskSwitchContext
 .text.prvIdleTask
                0x08012abc       0x30 ./Middlewares/Third_Party/FreeRTOS/tasks.o
 .text.prvInitialiseTaskLists
                0x08012aec       0x80 ./Middlewares/Third_Party/FreeRTOS/tasks.o
 .text.prvCheckTasksWaitingTermination
                0x08012b6c       0x5c ./Middlewares/Third_Party/FreeRTOS/tasks.o
 .text.prvDeleteTCB
                0x08012bc8       0x6a ./Middlewares/Third_Party/FreeRTOS/tasks.o
 *fill*         0x08012c32        0x2 
 .text.prvResetNextTaskUnblockTime
                0x08012c34       0x40 ./Middlewares/Third_Party/FreeRTOS/tasks.o
 .text.prvAddCurrentTaskToDelayedList
                0x08012c74       0xcc ./Middlewares/Third_Party/FreeRTOS/tasks.o
 .text.__cvt    0x08012d40       0xa8 C:/ST/STM32CubeIDE_1.2.0/STM32CubeIDE/plugins/com.st.stm32cube.ide.mcu.externaltools.gnu-tools-for-stm32.12.3.rel1.win32_1.0.100.202403111256/tools/bin/../lib/gcc/arm-none-eabi/12.3.1/../../../../arm-none-eabi/lib/thumb/v7e-m+dp/hard\libc_nano.a(libc_a-nano-vfprintf_float.o)
                0x08012d40                __cvt
 .text.__exponent
                0x08012de8       0x74 C:/ST/STM32CubeIDE_1.2.0/STM32CubeIDE/plugins/com.st.stm32cube.ide.mcu.externaltools.gnu-tools-for-stm32.12.3.rel1.win32_1.0.100.202403111256/tools/bin/../lib/gcc/arm-none-eabi/12.3.1/../../../../arm-none-eabi/lib/thumb/v7e-m+dp/hard\libc_nano.a(libc_a-nano-vfprintf_float.o)
                0x08012de8                __exponent
 *fill*         0x08012e5c        0x4 
 .text._printf_float
                0x08012e60      0x434 C:/ST/STM32CubeIDE_1.2.0/STM32CubeIDE/plugins/com.st.stm32cube.ide.mcu.externaltools.gnu-tools-for-stm32.12.3.rel1.win32_1.0.100.202403111256/tools/bin/../lib/gcc/arm-none-eabi/12.3.1/../../../../arm-none-eabi/lib/thumb/v7e-m+dp/hard\libc_nano.a(libc_a-nano-vfprintf_float.o)
                0x08012e60                _printf_float
 .text._printf_common
                0x08013294       0xda C:/ST/STM32CubeIDE_1.2.0/STM32CubeIDE/plugins/com.st.stm32cube.ide.mcu.externaltools.gnu-tools-for-stm32.12.3.rel1.win32_1.0.100.202403111256/tools/bin/../lib/gcc/arm-none-eabi/12.3.1/../../../../arm-none-eabi/lib/thumb/v7e-m+dp/hard\libc_nano.a(libc_a-nano-vfprintf_i.o)
                0x08013294                _printf_common
 *fill*         0x0801336e        0x2 
 .text._printf_i
                0x08013370      0x240 C:/ST/STM32CubeIDE_1.2.0/STM32CubeIDE/plugins/com.st.stm32cube.ide.mcu.externaltools.gnu-tools-for-stm32.12.3.rel1.win32_1.0.100.202403111256/tools/bin/../lib/gcc/arm-none-eabi/12.3.1/../../../../arm-none-eabi/lib/thumb/v7e-m+dp/hard\libc_nano.a(libc_a-nano-vfprintf_i.o)
                0x08013370                _printf_i
 .text.std      0x080135b0       0x6c C:/ST/STM32CubeIDE_1.2.0/STM32CubeIDE/plugins/com.st.stm32cube.ide.mcu.externaltools.gnu-tools-for-stm32.12.3.rel1.win32_1.0.100.202403111256/tools/bin/../lib/gcc/arm-none-eabi/12.3.1/../../../../arm-none-eabi/lib/thumb/v7e-m+dp/hard\libc_nano.a(libc_a-findfp.o)
 .text.stdio_exit_handler
                0x0801361c       0x18 C:/ST/STM32CubeIDE_1.2.0/STM32CubeIDE/plugins/com.st.stm32cube.ide.mcu.externaltools.gnu-tools-for-stm32.12.3.rel1.win32_1.0.100.202403111256/tools/bin/../lib/gcc/arm-none-eabi/12.3.1/../../../../arm-none-eabi/lib/thumb/v7e-m+dp/hard\libc_nano.a(libc_a-findfp.o)
 .text.cleanup_stdio
                0x08013634       0x40 C:/ST/STM32CubeIDE_1.2.0/STM32CubeIDE/plugins/com.st.stm32cube.ide.mcu.externaltools.gnu-tools-for-stm32.12.3.rel1.win32_1.0.100.202403111256/tools/bin/../lib/gcc/arm-none-eabi/12.3.1/../../../../arm-none-eabi/lib/thumb/v7e-m+dp/hard\libc_nano.a(libc_a-findfp.o)
 .text.global_stdio_init.part.0
                0x08013674       0x3c C:/ST/STM32CubeIDE_1.2.0/STM32CubeIDE/plugins/com.st.stm32cube.ide.mcu.externaltools.gnu-tools-for-stm32.12.3.rel1.win32_1.0.100.202403111256/tools/bin/../lib/gcc/arm-none-eabi/12.3.1/../../../../arm-none-eabi/lib/thumb/v7e-m+dp/hard\libc_nano.a(libc_a-findfp.o)
 .text.__sfp_lock_acquire
                0x080136b0        0xc C:/ST/STM32CubeIDE_1.2.0/STM32CubeIDE/plugins/com.st.stm32cube.ide.mcu.externaltools.gnu-tools-for-stm32.12.3.rel1.win32_1.0.100.202403111256/tools/bin/../lib/gcc/arm-none-eabi/12.3.1/../../../../arm-none-eabi/lib/thumb/v7e-m+dp/hard\libc_nano.a(libc_a-findfp.o)
                0x080136b0                __sfp_lock_acquire
 .text.__sfp_lock_release
                0x080136bc        0xc C:/ST/STM32CubeIDE_1.2.0/STM32CubeIDE/plugins/com.st.stm32cube.ide.mcu.externaltools.gnu-tools-for-stm32.12.3.rel1.win32_1.0.100.202403111256/tools/bin/../lib/gcc/arm-none-eabi/12.3.1/../../../../arm-none-eabi/lib/thumb/v7e-m+dp/hard\libc_nano.a(libc_a-findfp.o)
                0x080136bc                __sfp_lock_release
 .text.__sinit  0x080136c8       0x30 C:/ST/STM32CubeIDE_1.2.0/STM32CubeIDE/plugins/com.st.stm32cube.ide.mcu.externaltools.gnu-tools-for-stm32.12.3.rel1.win32_1.0.100.202403111256/tools/bin/../lib/gcc/arm-none-eabi/12.3.1/../../../../arm-none-eabi/lib/thumb/v7e-m+dp/hard\libc_nano.a(libc_a-findfp.o)
                0x080136c8                __sinit
 .text._fwalk_sglue
                0x080136f8       0x3c C:/ST/STM32CubeIDE_1.2.0/STM32CubeIDE/plugins/com.st.stm32cube.ide.mcu.externaltools.gnu-tools-for-stm32.12.3.rel1.win32_1.0.100.202403111256/tools/bin/../lib/gcc/arm-none-eabi/12.3.1/../../../../arm-none-eabi/lib/thumb/v7e-m+dp/hard\libc_nano.a(libc_a-fwalk.o)
                0x080136f8                _fwalk_sglue
 .text.printf   0x08013734       0x24 C:/ST/STM32CubeIDE_1.2.0/STM32CubeIDE/plugins/com.st.stm32cube.ide.mcu.externaltools.gnu-tools-for-stm32.12.3.rel1.win32_1.0.100.202403111256/tools/bin/../lib/gcc/arm-none-eabi/12.3.1/../../../../arm-none-eabi/lib/thumb/v7e-m+dp/hard\libc_nano.a(libc_a-printf.o)
                0x08013734                iprintf
                0x08013734                printf
 .text.sprintf  0x08013758       0x40 C:/ST/STM32CubeIDE_1.2.0/STM32CubeIDE/plugins/com.st.stm32cube.ide.mcu.externaltools.gnu-tools-for-stm32.12.3.rel1.win32_1.0.100.202403111256/tools/bin/../lib/gcc/arm-none-eabi/12.3.1/../../../../arm-none-eabi/lib/thumb/v7e-m+dp/hard\libc_nano.a(libc_a-sprintf.o)
                0x08013758                siprintf
                0x08013758                sprintf
 .text.__sread  0x08013798       0x22 C:/ST/STM32CubeIDE_1.2.0/STM32CubeIDE/plugins/com.st.stm32cube.ide.mcu.externaltools.gnu-tools-for-stm32.12.3.rel1.win32_1.0.100.202403111256/tools/bin/../lib/gcc/arm-none-eabi/12.3.1/../../../../arm-none-eabi/lib/thumb/v7e-m+dp/hard\libc_nano.a(libc_a-stdio.o)
                0x08013798                __sread
 .text.__swrite
                0x080137ba       0x38 C:/ST/STM32CubeIDE_1.2.0/STM32CubeIDE/plugins/com.st.stm32cube.ide.mcu.externaltools.gnu-tools-for-stm32.12.3.rel1.win32_1.0.100.202403111256/tools/bin/../lib/gcc/arm-none-eabi/12.3.1/../../../../arm-none-eabi/lib/thumb/v7e-m+dp/hard\libc_nano.a(libc_a-stdio.o)
                0x080137ba                __swrite
 .text.__sseek  0x080137f2       0x24 C:/ST/STM32CubeIDE_1.2.0/STM32CubeIDE/plugins/com.st.stm32cube.ide.mcu.externaltools.gnu-tools-for-stm32.12.3.rel1.win32_1.0.100.202403111256/tools/bin/../lib/gcc/arm-none-eabi/12.3.1/../../../../arm-none-eabi/lib/thumb/v7e-m+dp/hard\libc_nano.a(libc_a-stdio.o)
                0x080137f2                __sseek
 .text.__sclose
                0x08013816        0x8 C:/ST/STM32CubeIDE_1.2.0/STM32CubeIDE/plugins/com.st.stm32cube.ide.mcu.externaltools.gnu-tools-for-stm32.12.3.rel1.win32_1.0.100.202403111256/tools/bin/../lib/gcc/arm-none-eabi/12.3.1/../../../../arm-none-eabi/lib/thumb/v7e-m+dp/hard\libc_nano.a(libc_a-stdio.o)
                0x08013816                __sclose
 .text.memset   0x0801381e       0x10 C:/ST/STM32CubeIDE_1.2.0/STM32CubeIDE/plugins/com.st.stm32cube.ide.mcu.externaltools.gnu-tools-for-stm32.12.3.rel1.win32_1.0.100.202403111256/tools/bin/../lib/gcc/arm-none-eabi/12.3.1/../../../../arm-none-eabi/lib/thumb/v7e-m+dp/hard\libc_nano.a(libc_a-memset.o)
                0x0801381e                memset
 *fill*         0x0801382e        0x2 
 .text._localeconv_r
                0x08013830        0x8 C:/ST/STM32CubeIDE_1.2.0/STM32CubeIDE/plugins/com.st.stm32cube.ide.mcu.externaltools.gnu-tools-for-stm32.12.3.rel1.win32_1.0.100.202403111256/tools/bin/../lib/gcc/arm-none-eabi/12.3.1/../../../../arm-none-eabi/lib/thumb/v7e-m+dp/hard\libc_nano.a(libc_a-localeconv.o)
                0x08013830                _localeconv_r
 .text._close_r
                0x08013838       0x20 C:/ST/STM32CubeIDE_1.2.0/STM32CubeIDE/plugins/com.st.stm32cube.ide.mcu.externaltools.gnu-tools-for-stm32.12.3.rel1.win32_1.0.100.202403111256/tools/bin/../lib/gcc/arm-none-eabi/12.3.1/../../../../arm-none-eabi/lib/thumb/v7e-m+dp/hard\libc_nano.a(libc_a-closer.o)
                0x08013838                _close_r
 .text._reclaim_reent
                0x08013858       0xac C:/ST/STM32CubeIDE_1.2.0/STM32CubeIDE/plugins/com.st.stm32cube.ide.mcu.externaltools.gnu-tools-for-stm32.12.3.rel1.win32_1.0.100.202403111256/tools/bin/../lib/gcc/arm-none-eabi/12.3.1/../../../../arm-none-eabi/lib/thumb/v7e-m+dp/hard\libc_nano.a(libc_a-reent.o)
                0x08013858                _reclaim_reent
 .text._lseek_r
                0x08013904       0x24 C:/ST/STM32CubeIDE_1.2.0/STM32CubeIDE/plugins/com.st.stm32cube.ide.mcu.externaltools.gnu-tools-for-stm32.12.3.rel1.win32_1.0.100.202403111256/tools/bin/../lib/gcc/arm-none-eabi/12.3.1/../../../../arm-none-eabi/lib/thumb/v7e-m+dp/hard\libc_nano.a(libc_a-lseekr.o)
                0x08013904                _lseek_r
 .text._read_r  0x08013928       0x24 C:/ST/STM32CubeIDE_1.2.0/STM32CubeIDE/plugins/com.st.stm32cube.ide.mcu.externaltools.gnu-tools-for-stm32.12.3.rel1.win32_1.0.100.202403111256/tools/bin/../lib/gcc/arm-none-eabi/12.3.1/../../../../arm-none-eabi/lib/thumb/v7e-m+dp/hard\libc_nano.a(libc_a-readr.o)
                0x08013928                _read_r
 .text._write_r
                0x0801394c       0x24 C:/ST/STM32CubeIDE_1.2.0/STM32CubeIDE/plugins/com.st.stm32cube.ide.mcu.externaltools.gnu-tools-for-stm32.12.3.rel1.win32_1.0.100.202403111256/tools/bin/../lib/gcc/arm-none-eabi/12.3.1/../../../../arm-none-eabi/lib/thumb/v7e-m+dp/hard\libc_nano.a(libc_a-writer.o)
                0x0801394c                _write_r
 .text.__errno  0x08013970        0xc C:/ST/STM32CubeIDE_1.2.0/STM32CubeIDE/plugins/com.st.stm32cube.ide.mcu.externaltools.gnu-tools-for-stm32.12.3.rel1.win32_1.0.100.202403111256/tools/bin/../lib/gcc/arm-none-eabi/12.3.1/../../../../arm-none-eabi/lib/thumb/v7e-m+dp/hard\libc_nano.a(libc_a-errno.o)
                0x08013970                __errno
 .text.__libc_init_array
                0x0801397c       0x48 C:/ST/STM32CubeIDE_1.2.0/STM32CubeIDE/plugins/com.st.stm32cube.ide.mcu.externaltools.gnu-tools-for-stm32.12.3.rel1.win32_1.0.100.202403111256/tools/bin/../lib/gcc/arm-none-eabi/12.3.1/../../../../arm-none-eabi/lib/thumb/v7e-m+dp/hard\libc_nano.a(libc_a-init.o)
                0x0801397c                __libc_init_array
 .text.__retarget_lock_init_recursive
                0x080139c4        0x2 C:/ST/STM32CubeIDE_1.2.0/STM32CubeIDE/plugins/com.st.stm32cube.ide.mcu.externaltools.gnu-tools-for-stm32.12.3.rel1.win32_1.0.100.202403111256/tools/bin/../lib/gcc/arm-none-eabi/12.3.1/../../../../arm-none-eabi/lib/thumb/v7e-m+dp/hard\libc_nano.a(libc_a-lock.o)
                0x080139c4                __retarget_lock_init_recursive
 .text.__retarget_lock_acquire_recursive
                0x080139c6        0x2 C:/ST/STM32CubeIDE_1.2.0/STM32CubeIDE/plugins/com.st.stm32cube.ide.mcu.externaltools.gnu-tools-for-stm32.12.3.rel1.win32_1.0.100.202403111256/tools/bin/../lib/gcc/arm-none-eabi/12.3.1/../../../../arm-none-eabi/lib/thumb/v7e-m+dp/hard\libc_nano.a(libc_a-lock.o)
                0x080139c6                __retarget_lock_acquire_recursive
 .text.__retarget_lock_release_recursive
                0x080139c8        0x2 C:/ST/STM32CubeIDE_1.2.0/STM32CubeIDE/plugins/com.st.stm32cube.ide.mcu.externaltools.gnu-tools-for-stm32.12.3.rel1.win32_1.0.100.202403111256/tools/bin/../lib/gcc/arm-none-eabi/12.3.1/../../../../arm-none-eabi/lib/thumb/v7e-m+dp/hard\libc_nano.a(libc_a-lock.o)
                0x080139c8                __retarget_lock_release_recursive
 .text.memcpy   0x080139ca       0x1c C:/ST/STM32CubeIDE_1.2.0/STM32CubeIDE/plugins/com.st.stm32cube.ide.mcu.externaltools.gnu-tools-for-stm32.12.3.rel1.win32_1.0.100.202403111256/tools/bin/../lib/gcc/arm-none-eabi/12.3.1/../../../../arm-none-eabi/lib/thumb/v7e-m+dp/hard\libc_nano.a(libc_a-memcpy-stub.o)
                0x080139ca                memcpy
 .text.quorem   0x080139e6      0x110 C:/ST/STM32CubeIDE_1.2.0/STM32CubeIDE/plugins/com.st.stm32cube.ide.mcu.externaltools.gnu-tools-for-stm32.12.3.rel1.win32_1.0.100.202403111256/tools/bin/../lib/gcc/arm-none-eabi/12.3.1/../../../../arm-none-eabi/lib/thumb/v7e-m+dp/hard\libc_nano.a(libc_a-dtoa.o)
 *fill*         0x08013af6        0x2 
 .text._dtoa_r  0x08013af8      0xaac C:/ST/STM32CubeIDE_1.2.0/STM32CubeIDE/plugins/com.st.stm32cube.ide.mcu.externaltools.gnu-tools-for-stm32.12.3.rel1.win32_1.0.100.202403111256/tools/bin/../lib/gcc/arm-none-eabi/12.3.1/../../../../arm-none-eabi/lib/thumb/v7e-m+dp/hard\libc_nano.a(libc_a-dtoa.o)
                0x08013af8                _dtoa_r
 .text._free_r  0x080145a4       0x94 C:/ST/STM32CubeIDE_1.2.0/STM32CubeIDE/plugins/com.st.stm32cube.ide.mcu.externaltools.gnu-tools-for-stm32.12.3.rel1.win32_1.0.100.202403111256/tools/bin/../lib/gcc/arm-none-eabi/12.3.1/../../../../arm-none-eabi/lib/thumb/v7e-m+dp/hard\libc_nano.a(libc_a-freer.o)
                0x080145a4                _free_r
 .text.malloc   0x08014638       0x10 C:/ST/STM32CubeIDE_1.2.0/STM32CubeIDE/plugins/com.st.stm32cube.ide.mcu.externaltools.gnu-tools-for-stm32.12.3.rel1.win32_1.0.100.202403111256/tools/bin/../lib/gcc/arm-none-eabi/12.3.1/../../../../arm-none-eabi/lib/thumb/v7e-m+dp/hard\libc_nano.a(libc_a-malloc.o)
                0x08014638                malloc
 .text.sbrk_aligned
                0x08014648       0x44 C:/ST/STM32CubeIDE_1.2.0/STM32CubeIDE/plugins/com.st.stm32cube.ide.mcu.externaltools.gnu-tools-for-stm32.12.3.rel1.win32_1.0.100.202403111256/tools/bin/../lib/gcc/arm-none-eabi/12.3.1/../../../../arm-none-eabi/lib/thumb/v7e-m+dp/hard\libc_nano.a(libc_a-mallocr.o)
 .text._malloc_r
                0x0801468c      0x100 C:/ST/STM32CubeIDE_1.2.0/STM32CubeIDE/plugins/com.st.stm32cube.ide.mcu.externaltools.gnu-tools-for-stm32.12.3.rel1.win32_1.0.100.202403111256/tools/bin/../lib/gcc/arm-none-eabi/12.3.1/../../../../arm-none-eabi/lib/thumb/v7e-m+dp/hard\libc_nano.a(libc_a-mallocr.o)
                0x0801468c                _malloc_r
 .text.__malloc_lock
                0x0801478c        0xc C:/ST/STM32CubeIDE_1.2.0/STM32CubeIDE/plugins/com.st.stm32cube.ide.mcu.externaltools.gnu-tools-for-stm32.12.3.rel1.win32_1.0.100.202403111256/tools/bin/../lib/gcc/arm-none-eabi/12.3.1/../../../../arm-none-eabi/lib/thumb/v7e-m+dp/hard\libc_nano.a(libc_a-mlock.o)
                0x0801478c                __malloc_lock
 .text.__malloc_unlock
                0x08014798        0xc C:/ST/STM32CubeIDE_1.2.0/STM32CubeIDE/plugins/com.st.stm32cube.ide.mcu.externaltools.gnu-tools-for-stm32.12.3.rel1.win32_1.0.100.202403111256/tools/bin/../lib/gcc/arm-none-eabi/12.3.1/../../../../arm-none-eabi/lib/thumb/v7e-m+dp/hard\libc_nano.a(libc_a-mlock.o)
                0x08014798                __malloc_unlock
 .text._Balloc  0x080147a4       0x80 C:/ST/STM32CubeIDE_1.2.0/STM32CubeIDE/plugins/com.st.stm32cube.ide.mcu.externaltools.gnu-tools-for-stm32.12.3.rel1.win32_1.0.100.202403111256/tools/bin/../lib/gcc/arm-none-eabi/12.3.1/../../../../arm-none-eabi/lib/thumb/v7e-m+dp/hard\libc_nano.a(libc_a-mprec.o)
                0x080147a4                _Balloc
 .text._Bfree   0x08014824       0x44 C:/ST/STM32CubeIDE_1.2.0/STM32CubeIDE/plugins/com.st.stm32cube.ide.mcu.externaltools.gnu-tools-for-stm32.12.3.rel1.win32_1.0.100.202403111256/tools/bin/../lib/gcc/arm-none-eabi/12.3.1/../../../../arm-none-eabi/lib/thumb/v7e-m+dp/hard\libc_nano.a(libc_a-mprec.o)
                0x08014824                _Bfree
 .text.__multadd
                0x08014868       0x8c C:/ST/STM32CubeIDE_1.2.0/STM32CubeIDE/plugins/com.st.stm32cube.ide.mcu.externaltools.gnu-tools-for-stm32.12.3.rel1.win32_1.0.100.202403111256/tools/bin/../lib/gcc/arm-none-eabi/12.3.1/../../../../arm-none-eabi/lib/thumb/v7e-m+dp/hard\libc_nano.a(libc_a-mprec.o)
                0x08014868                __multadd
 .text.__hi0bits
                0x080148f4       0x3e C:/ST/STM32CubeIDE_1.2.0/STM32CubeIDE/plugins/com.st.stm32cube.ide.mcu.externaltools.gnu-tools-for-stm32.12.3.rel1.win32_1.0.100.202403111256/tools/bin/../lib/gcc/arm-none-eabi/12.3.1/../../../../arm-none-eabi/lib/thumb/v7e-m+dp/hard\libc_nano.a(libc_a-mprec.o)
                0x080148f4                __hi0bits
 .text.__lo0bits
                0x08014932       0x5a C:/ST/STM32CubeIDE_1.2.0/STM32CubeIDE/plugins/com.st.stm32cube.ide.mcu.externaltools.gnu-tools-for-stm32.12.3.rel1.win32_1.0.100.202403111256/tools/bin/../lib/gcc/arm-none-eabi/12.3.1/../../../../arm-none-eabi/lib/thumb/v7e-m+dp/hard\libc_nano.a(libc_a-mprec.o)
                0x08014932                __lo0bits
 .text.__i2b    0x0801498c       0x2c C:/ST/STM32CubeIDE_1.2.0/STM32CubeIDE/plugins/com.st.stm32cube.ide.mcu.externaltools.gnu-tools-for-stm32.12.3.rel1.win32_1.0.100.202403111256/tools/bin/../lib/gcc/arm-none-eabi/12.3.1/../../../../arm-none-eabi/lib/thumb/v7e-m+dp/hard\libc_nano.a(libc_a-mprec.o)
                0x0801498c                __i2b
 .text.__multiply
                0x080149b8      0x154 C:/ST/STM32CubeIDE_1.2.0/STM32CubeIDE/plugins/com.st.stm32cube.ide.mcu.externaltools.gnu-tools-for-stm32.12.3.rel1.win32_1.0.100.202403111256/tools/bin/../lib/gcc/arm-none-eabi/12.3.1/../../../../arm-none-eabi/lib/thumb/v7e-m+dp/hard\libc_nano.a(libc_a-mprec.o)
                0x080149b8                __multiply
 .text.__pow5mult
                0x08014b0c       0xb4 C:/ST/STM32CubeIDE_1.2.0/STM32CubeIDE/plugins/com.st.stm32cube.ide.mcu.externaltools.gnu-tools-for-stm32.12.3.rel1.win32_1.0.100.202403111256/tools/bin/../lib/gcc/arm-none-eabi/12.3.1/../../../../arm-none-eabi/lib/thumb/v7e-m+dp/hard\libc_nano.a(libc_a-mprec.o)
                0x08014b0c                __pow5mult
 .text.__lshift
                0x08014bc0       0xd8 C:/ST/STM32CubeIDE_1.2.0/STM32CubeIDE/plugins/com.st.stm32cube.ide.mcu.externaltools.gnu-tools-for-stm32.12.3.rel1.win32_1.0.100.202403111256/tools/bin/../lib/gcc/arm-none-eabi/12.3.1/../../../../arm-none-eabi/lib/thumb/v7e-m+dp/hard\libc_nano.a(libc_a-mprec.o)
                0x08014bc0                __lshift
 .text.__mcmp   0x08014c98       0x36 C:/ST/STM32CubeIDE_1.2.0/STM32CubeIDE/plugins/com.st.stm32cube.ide.mcu.externaltools.gnu-tools-for-stm32.12.3.rel1.win32_1.0.100.202403111256/tools/bin/../lib/gcc/arm-none-eabi/12.3.1/../../../../arm-none-eabi/lib/thumb/v7e-m+dp/hard\libc_nano.a(libc_a-mprec.o)
                0x08014c98                __mcmp
 *fill*         0x08014cce        0x2 
 .text.__mdiff  0x08014cd0      0x128 C:/ST/STM32CubeIDE_1.2.0/STM32CubeIDE/plugins/com.st.stm32cube.ide.mcu.externaltools.gnu-tools-for-stm32.12.3.rel1.win32_1.0.100.202403111256/tools/bin/../lib/gcc/arm-none-eabi/12.3.1/../../../../arm-none-eabi/lib/thumb/v7e-m+dp/hard\libc_nano.a(libc_a-mprec.o)
                0x08014cd0                __mdiff
 .text.__d2b    0x08014df8       0xb0 C:/ST/STM32CubeIDE_1.2.0/STM32CubeIDE/plugins/com.st.stm32cube.ide.mcu.externaltools.gnu-tools-for-stm32.12.3.rel1.win32_1.0.100.202403111256/tools/bin/../lib/gcc/arm-none-eabi/12.3.1/../../../../arm-none-eabi/lib/thumb/v7e-m+dp/hard\libc_nano.a(libc_a-mprec.o)
                0x08014df8                __d2b
 .text.__ssputs_r
                0x08014ea8       0xb6 C:/ST/STM32CubeIDE_1.2.0/STM32CubeIDE/plugins/com.st.stm32cube.ide.mcu.externaltools.gnu-tools-for-stm32.12.3.rel1.win32_1.0.100.202403111256/tools/bin/../lib/gcc/arm-none-eabi/12.3.1/../../../../arm-none-eabi/lib/thumb/v7e-m+dp/hard\libc_nano.a(libc_a-nano-svfprintf.o)
                0x08014ea8                __ssputs_r
 *fill*         0x08014f5e        0x2 
 .text._svfprintf_r
                0x08014f60      0x1f8 C:/ST/STM32CubeIDE_1.2.0/STM32CubeIDE/plugins/com.st.stm32cube.ide.mcu.externaltools.gnu-tools-for-stm32.12.3.rel1.win32_1.0.100.202403111256/tools/bin/../lib/gcc/arm-none-eabi/12.3.1/../../../../arm-none-eabi/lib/thumb/v7e-m+dp/hard\libc_nano.a(libc_a-nano-svfprintf.o)
                0x08014f60                _svfiprintf_r
                0x08014f60                _svfprintf_r
 .text.__sfputc_r
                0x08015158       0x2e C:/ST/STM32CubeIDE_1.2.0/STM32CubeIDE/plugins/com.st.stm32cube.ide.mcu.externaltools.gnu-tools-for-stm32.12.3.rel1.win32_1.0.100.202403111256/tools/bin/../lib/gcc/arm-none-eabi/12.3.1/../../../../arm-none-eabi/lib/thumb/v7e-m+dp/hard\libc_nano.a(libc_a-nano-vfprintf.o)
 .text.__sfputs_r
                0x08015186       0x24 C:/ST/STM32CubeIDE_1.2.0/STM32CubeIDE/plugins/com.st.stm32cube.ide.mcu.externaltools.gnu-tools-for-stm32.12.3.rel1.win32_1.0.100.202403111256/tools/bin/../lib/gcc/arm-none-eabi/12.3.1/../../../../arm-none-eabi/lib/thumb/v7e-m+dp/hard\libc_nano.a(libc_a-nano-vfprintf.o)
                0x08015186                __sfputs_r
 *fill*         0x080151aa        0x2 
 .text._vfprintf_r
                0x080151ac      0x230 C:/ST/STM32CubeIDE_1.2.0/STM32CubeIDE/plugins/com.st.stm32cube.ide.mcu.externaltools.gnu-tools-for-stm32.12.3.rel1.win32_1.0.100.202403111256/tools/bin/../lib/gcc/arm-none-eabi/12.3.1/../../../../arm-none-eabi/lib/thumb/v7e-m+dp/hard\libc_nano.a(libc_a-nano-vfprintf.o)
                0x080151ac                _vfprintf_r
                0x080151ac                _vfiprintf_r
 .text.__sflush_r
                0x080153dc      0x108 C:/ST/STM32CubeIDE_1.2.0/STM32CubeIDE/plugins/com.st.stm32cube.ide.mcu.externaltools.gnu-tools-for-stm32.12.3.rel1.win32_1.0.100.202403111256/tools/bin/../lib/gcc/arm-none-eabi/12.3.1/../../../../arm-none-eabi/lib/thumb/v7e-m+dp/hard\libc_nano.a(libc_a-fflush.o)
                0x080153dc                __sflush_r
 .text._fflush_r
                0x080154e4       0x50 C:/ST/STM32CubeIDE_1.2.0/STM32CubeIDE/plugins/com.st.stm32cube.ide.mcu.externaltools.gnu-tools-for-stm32.12.3.rel1.win32_1.0.100.202403111256/tools/bin/../lib/gcc/arm-none-eabi/12.3.1/../../../../arm-none-eabi/lib/thumb/v7e-m+dp/hard\libc_nano.a(libc_a-fflush.o)
                0x080154e4                _fflush_r
 .text.__swbuf_r
                0x08015534       0x7c C:/ST/STM32CubeIDE_1.2.0/STM32CubeIDE/plugins/com.st.stm32cube.ide.mcu.externaltools.gnu-tools-for-stm32.12.3.rel1.win32_1.0.100.202403111256/tools/bin/../lib/gcc/arm-none-eabi/12.3.1/../../../../arm-none-eabi/lib/thumb/v7e-m+dp/hard\libc_nano.a(libc_a-wbuf.o)
                0x08015534                __swbuf_r
 .text.__swsetup_r
                0x080155b0       0xac C:/ST/STM32CubeIDE_1.2.0/STM32CubeIDE/plugins/com.st.stm32cube.ide.mcu.externaltools.gnu-tools-for-stm32.12.3.rel1.win32_1.0.100.202403111256/tools/bin/../lib/gcc/arm-none-eabi/12.3.1/../../../../arm-none-eabi/lib/thumb/v7e-m+dp/hard\libc_nano.a(libc_a-wsetup.o)
                0x080155b0                __swsetup_r
 .text.memmove  0x0801565c       0x34 C:/ST/STM32CubeIDE_1.2.0/STM32CubeIDE/plugins/com.st.stm32cube.ide.mcu.externaltools.gnu-tools-for-stm32.12.3.rel1.win32_1.0.100.202403111256/tools/bin/../lib/gcc/arm-none-eabi/12.3.1/../../../../arm-none-eabi/lib/thumb/v7e-m+dp/hard\libc_nano.a(libc_a-memmove.o)
                0x0801565c                memmove
 .text._sbrk_r  0x08015690       0x20 C:/ST/STM32CubeIDE_1.2.0/STM32CubeIDE/plugins/com.st.stm32cube.ide.mcu.externaltools.gnu-tools-for-stm32.12.3.rel1.win32_1.0.100.202403111256/tools/bin/../lib/gcc/arm-none-eabi/12.3.1/../../../../arm-none-eabi/lib/thumb/v7e-m+dp/hard\libc_nano.a(libc_a-sbrkr.o)
                0x08015690                _sbrk_r
 .text.__assert_func
                0x080156b0       0x3c C:/ST/STM32CubeIDE_1.2.0/STM32CubeIDE/plugins/com.st.stm32cube.ide.mcu.externaltools.gnu-tools-for-stm32.12.3.rel1.win32_1.0.100.202403111256/tools/bin/../lib/gcc/arm-none-eabi/12.3.1/../../../../arm-none-eabi/lib/thumb/v7e-m+dp/hard\libc_nano.a(libc_a-assert.o)
                0x080156b0                __assert_func
 .text._calloc_r
                0x080156ec       0x28 C:/ST/STM32CubeIDE_1.2.0/STM32CubeIDE/plugins/com.st.stm32cube.ide.mcu.externaltools.gnu-tools-for-stm32.12.3.rel1.win32_1.0.100.202403111256/tools/bin/../lib/gcc/arm-none-eabi/12.3.1/../../../../arm-none-eabi/lib/thumb/v7e-m+dp/hard\libc_nano.a(libc_a-callocr.o)
                0x080156ec                _calloc_r
 .text.__ascii_mbtowc
                0x08015714       0x24 C:/ST/STM32CubeIDE_1.2.0/STM32CubeIDE/plugins/com.st.stm32cube.ide.mcu.externaltools.gnu-tools-for-stm32.12.3.rel1.win32_1.0.100.202403111256/tools/bin/../lib/gcc/arm-none-eabi/12.3.1/../../../../arm-none-eabi/lib/thumb/v7e-m+dp/hard\libc_nano.a(libc_a-mbtowc_r.o)
                0x08015714                __ascii_mbtowc
 .text._realloc_r
                0x08015738       0x5c C:/ST/STM32CubeIDE_1.2.0/STM32CubeIDE/plugins/com.st.stm32cube.ide.mcu.externaltools.gnu-tools-for-stm32.12.3.rel1.win32_1.0.100.202403111256/tools/bin/../lib/gcc/arm-none-eabi/12.3.1/../../../../arm-none-eabi/lib/thumb/v7e-m+dp/hard\libc_nano.a(libc_a-reallocr.o)
                0x08015738                _realloc_r
 .text.__ascii_wctomb
                0x08015794       0x1a C:/ST/STM32CubeIDE_1.2.0/STM32CubeIDE/plugins/com.st.stm32cube.ide.mcu.externaltools.gnu-tools-for-stm32.12.3.rel1.win32_1.0.100.202403111256/tools/bin/../lib/gcc/arm-none-eabi/12.3.1/../../../../arm-none-eabi/lib/thumb/v7e-m+dp/hard\libc_nano.a(libc_a-wctomb_r.o)
                0x08015794                __ascii_wctomb
 *fill*         0x080157ae        0x2 
 .text.fprintf  0x080157b0       0x24 C:/ST/STM32CubeIDE_1.2.0/STM32CubeIDE/plugins/com.st.stm32cube.ide.mcu.externaltools.gnu-tools-for-stm32.12.3.rel1.win32_1.0.100.202403111256/tools/bin/../lib/gcc/arm-none-eabi/12.3.1/../../../../arm-none-eabi/lib/thumb/v7e-m+dp/hard\libc_nano.a(libc_a-fprintf.o)
                0x080157b0                fiprintf
                0x080157b0                fprintf
 .text.__swhatbuf_r
                0x080157d4       0x4c C:/ST/STM32CubeIDE_1.2.0/STM32CubeIDE/plugins/com.st.stm32cube.ide.mcu.externaltools.gnu-tools-for-stm32.12.3.rel1.win32_1.0.100.202403111256/tools/bin/../lib/gcc/arm-none-eabi/12.3.1/../../../../arm-none-eabi/lib/thumb/v7e-m+dp/hard\libc_nano.a(libc_a-makebuf.o)
                0x080157d4                __swhatbuf_r
 .text.__smakebuf_r
                0x08015820       0x78 C:/ST/STM32CubeIDE_1.2.0/STM32CubeIDE/plugins/com.st.stm32cube.ide.mcu.externaltools.gnu-tools-for-stm32.12.3.rel1.win32_1.0.100.202403111256/tools/bin/../lib/gcc/arm-none-eabi/12.3.1/../../../../arm-none-eabi/lib/thumb/v7e-m+dp/hard\libc_nano.a(libc_a-makebuf.o)
                0x08015820                __smakebuf_r
 .text._fstat_r
                0x08015898       0x24 C:/ST/STM32CubeIDE_1.2.0/STM32CubeIDE/plugins/com.st.stm32cube.ide.mcu.externaltools.gnu-tools-for-stm32.12.3.rel1.win32_1.0.100.202403111256/tools/bin/../lib/gcc/arm-none-eabi/12.3.1/../../../../arm-none-eabi/lib/thumb/v7e-m+dp/hard\libc_nano.a(libc_a-fstatr.o)
                0x08015898                _fstat_r
 .text._isatty_r
                0x080158bc       0x20 C:/ST/STM32CubeIDE_1.2.0/STM32CubeIDE/plugins/com.st.stm32cube.ide.mcu.externaltools.gnu-tools-for-stm32.12.3.rel1.win32_1.0.100.202403111256/tools/bin/../lib/gcc/arm-none-eabi/12.3.1/../../../../arm-none-eabi/lib/thumb/v7e-m+dp/hard\libc_nano.a(libc_a-isattyr.o)
                0x080158bc                _isatty_r
 .text.abort    0x080158dc        0xe C:/ST/STM32CubeIDE_1.2.0/STM32CubeIDE/plugins/com.st.stm32cube.ide.mcu.externaltools.gnu-tools-for-stm32.12.3.rel1.win32_1.0.100.202403111256/tools/bin/../lib/gcc/arm-none-eabi/12.3.1/../../../../arm-none-eabi/lib/thumb/v7e-m+dp/hard\libc_nano.a(libc_a-abort.o)
                0x080158dc                abort
 .text._malloc_usable_size_r
                0x080158ea       0x10 C:/ST/STM32CubeIDE_1.2.0/STM32CubeIDE/plugins/com.st.stm32cube.ide.mcu.externaltools.gnu-tools-for-stm32.12.3.rel1.win32_1.0.100.202403111256/tools/bin/../lib/gcc/arm-none-eabi/12.3.1/../../../../arm-none-eabi/lib/thumb/v7e-m+dp/hard\libc_nano.a(libc_a-msizer.o)
                0x080158ea                _malloc_usable_size_r
 .text._raise_r
                0x080158fa       0x50 C:/ST/STM32CubeIDE_1.2.0/STM32CubeIDE/plugins/com.st.stm32cube.ide.mcu.externaltools.gnu-tools-for-stm32.12.3.rel1.win32_1.0.100.202403111256/tools/bin/../lib/gcc/arm-none-eabi/12.3.1/../../../../arm-none-eabi/lib/thumb/v7e-m+dp/hard\libc_nano.a(libc_a-signal.o)
                0x080158fa                _raise_r
 *fill*         0x0801594a        0x2 
 .text.raise    0x0801594c       0x10 C:/ST/STM32CubeIDE_1.2.0/STM32CubeIDE/plugins/com.st.stm32cube.ide.mcu.externaltools.gnu-tools-for-stm32.12.3.rel1.win32_1.0.100.202403111256/tools/bin/../lib/gcc/arm-none-eabi/12.3.1/../../../../arm-none-eabi/lib/thumb/v7e-m+dp/hard\libc_nano.a(libc_a-signal.o)
                0x0801594c                raise
 .text._kill_r  0x0801595c       0x24 C:/ST/STM32CubeIDE_1.2.0/STM32CubeIDE/plugins/com.st.stm32cube.ide.mcu.externaltools.gnu-tools-for-stm32.12.3.rel1.win32_1.0.100.202403111256/tools/bin/../lib/gcc/arm-none-eabi/12.3.1/../../../../arm-none-eabi/lib/thumb/v7e-m+dp/hard\libc_nano.a(libc_a-signalr.o)
                0x0801595c                _kill_r
 .text._getpid_r
                0x08015980        0x4 C:/ST/STM32CubeIDE_1.2.0/STM32CubeIDE/plugins/com.st.stm32cube.ide.mcu.externaltools.gnu-tools-for-stm32.12.3.rel1.win32_1.0.100.202403111256/tools/bin/../lib/gcc/arm-none-eabi/12.3.1/../../../../arm-none-eabi/lib/thumb/v7e-m+dp/hard\libc_nano.a(libc_a-signalr.o)
                0x08015980                _getpid_r
 *fill*         0x08015984        0x4 
 .text.cos      0x08015988       0x98 C:/ST/STM32CubeIDE_1.2.0/STM32CubeIDE/plugins/com.st.stm32cube.ide.mcu.externaltools.gnu-tools-for-stm32.12.3.rel1.win32_1.0.100.202403111256/tools/bin/../lib/gcc/arm-none-eabi/12.3.1/../../../../arm-none-eabi/lib/thumb/v7e-m+dp/hard\libm.a(libm_a-s_cos.o)
                0x08015988                cos
 .text.sin      0x08015a20       0x98 C:/ST/STM32CubeIDE_1.2.0/STM32CubeIDE/plugins/com.st.stm32cube.ide.mcu.externaltools.gnu-tools-for-stm32.12.3.rel1.win32_1.0.100.202403111256/tools/bin/../lib/gcc/arm-none-eabi/12.3.1/../../../../arm-none-eabi/lib/thumb/v7e-m+dp/hard\libm.a(libm_a-s_sin.o)
                0x08015a20                sin
 .text.floor    0x08015ab8       0xf0 C:/ST/STM32CubeIDE_1.2.0/STM32CubeIDE/plugins/com.st.stm32cube.ide.mcu.externaltools.gnu-tools-for-stm32.12.3.rel1.win32_1.0.100.202403111256/tools/bin/../lib/gcc/arm-none-eabi/12.3.1/../../../../arm-none-eabi/lib/thumb/v7e-m+dp/hard\libm.a(libm_a-s_floor.o)
                0x08015ab8                floor
 .text.__kernel_cos
                0x08015ba8       0xd0 C:/ST/STM32CubeIDE_1.2.0/STM32CubeIDE/plugins/com.st.stm32cube.ide.mcu.externaltools.gnu-tools-for-stm32.12.3.rel1.win32_1.0.100.202403111256/tools/bin/../lib/gcc/arm-none-eabi/12.3.1/../../../../arm-none-eabi/lib/thumb/v7e-m+dp/hard\libm.a(libm_a-k_cos.o)
                0x08015ba8                __kernel_cos
 .text.__kernel_sin
                0x08015c78       0xb0 C:/ST/STM32CubeIDE_1.2.0/STM32CubeIDE/plugins/com.st.stm32cube.ide.mcu.externaltools.gnu-tools-for-stm32.12.3.rel1.win32_1.0.100.202403111256/tools/bin/../lib/gcc/arm-none-eabi/12.3.1/../../../../arm-none-eabi/lib/thumb/v7e-m+dp/hard\libm.a(libm_a-k_sin.o)
                0x08015c78                __kernel_sin
 .text.__ieee754_rem_pio2
                0x08015d28      0x288 C:/ST/STM32CubeIDE_1.2.0/STM32CubeIDE/plugins/com.st.stm32cube.ide.mcu.externaltools.gnu-tools-for-stm32.12.3.rel1.win32_1.0.100.202403111256/tools/bin/../lib/gcc/arm-none-eabi/12.3.1/../../../../arm-none-eabi/lib/thumb/v7e-m+dp/hard\libm.a(libm_a-e_rem_pio2.o)
                0x08015d28                __ieee754_rem_pio2
 .text.fabs     0x08015fb0       0x10 C:/ST/STM32CubeIDE_1.2.0/STM32CubeIDE/plugins/com.st.stm32cube.ide.mcu.externaltools.gnu-tools-for-stm32.12.3.rel1.win32_1.0.100.202403111256/tools/bin/../lib/gcc/arm-none-eabi/12.3.1/../../../../arm-none-eabi/lib/thumb/v7e-m+dp/hard\libm.a(libm_a-s_fabs.o)
                0x08015fb0                fabs
 .text.__kernel_rem_pio2