../Drivers/BSP/STM32H7xx_Nucleo/ili9341.c:21:6:LCD_write_com	16	static
../Drivers/BSP/STM32H7xx_Nucleo/ili9341.c:47:6:LCD_write_dat	16	static
../Drivers/BSP/STM32H7xx_Nucleo/ili9341.c:73:6:LCD_init	8	static
../Drivers/BSP/STM32H7xx_Nucleo/ili9341.c:257:6:LCD_Orient	16	static
../Drivers/BSP/STM32H7xx_Nucleo/ili9341.c:290:6:LCD_rect	40	static
../Drivers/BSP/STM32H7xx_Nucleo/ili9341.c:331:6:LCD_clear	16	static
../Drivers/BSP/STM32H7xx_Nucleo/ili9341.c:379:6:drawHLine	32	static
../Drivers/BSP/STM32H7xx_Nucleo/ili9341.c:411:6:drawVLine	40	static
../Drivers/BSP/STM32H7xx_Nucleo/ili9341.c:439:6:setXY	32	static
../Drivers/BSP/STM32H7xx_Nucleo/ili9341.c:484:6:clrXY	8	static
../Drivers/BSP/STM32H7xx_Nucleo/ili9341.c:499:6:setColorRGB	16	static
../Drivers/BSP/STM32H7xx_Nucleo/ili9341.c:512:6:setColor	16	static
../Drivers/BSP/STM32H7xx_Nucleo/ili9341.c:525:16:getColor	4	static
../Drivers/BSP/STM32H7xx_Nucleo/ili9341.c:550:6:setBackColor	16	static
../Drivers/BSP/STM32H7xx_Nucleo/ili9341.c:569:16:getBackColor	4	static
../Drivers/BSP/STM32H7xx_Nucleo/ili9341.c:581:6:setPixel	16	static
../Drivers/BSP/STM32H7xx_Nucleo/ili9341.c:595:6:drawPixel	16	static
../Drivers/BSP/STM32H7xx_Nucleo/ili9341.c:611:6:drawLine	56	static
../Drivers/BSP/STM32H7xx_Nucleo/ili9341.c:678:6:drawRect	32	static
../Drivers/BSP/STM32H7xx_Nucleo/ili9341.c:708:6:drawRoundRect	32	static
../Drivers/BSP/STM32H7xx_Nucleo/ili9341.c:743:6:fillRect	32	static
../Drivers/BSP/STM32H7xx_Nucleo/ili9341.c:786:6:fillRoundRect	32	static
../Drivers/BSP/STM32H7xx_Nucleo/ili9341.c:832:6:printChar	48	static
../Drivers/BSP/STM32H7xx_Nucleo/ili9341.c:931:15:printChar2	48	static
../Drivers/BSP/STM32H7xx_Nucleo/ili9341.c:993:6:rotateChar	72	static
../Drivers/BSP/STM32H7xx_Nucleo/ili9341.c:1049:6:setFont	16	static
../Drivers/BSP/STM32H7xx_Nucleo/ili9341.c:1059:15:GetFontX	4	static
../Drivers/BSP/STM32H7xx_Nucleo/ili9341.c:1064:15:GetFontY	4	static
../Drivers/BSP/STM32H7xx_Nucleo/ili9341.c:1079:6:print	40	static
../Drivers/BSP/STM32H7xx_Nucleo/ili9341.c:1117:6:print2	40	static
../Drivers/BSP/STM32H7xx_Nucleo/ili9341.c:1155:6:drawCircle	56	static
../Drivers/BSP/STM32H7xx_Nucleo/ili9341.c:1231:6:fillCircle	32	static
../Drivers/BSP/STM32H7xx_Nucleo/ili9341.c:1255:6:drawBitmap	48	static
../Drivers/BSP/STM32H7xx_Nucleo/ili9341.c:1291:6:drawBitmapYUV	64	static
../Drivers/BSP/STM32H7xx_Nucleo/ili9341.c:1349:6:YUV2RGB	40	static
../Drivers/BSP/STM32H7xx_Nucleo/ili9341.c:1384:6:YUV2RGB2	40	static
