../Drivers/BSP/STM32H7xx_Nucleo/lcd.c:22:6:InitDisplay	8	static
../Drivers/BSP/STM32H7xx_Nucleo/lcd.c:34:15:Menu	32	static
../Drivers/BSP/STM32H7xx_Nucleo/lcd.c:121:6:RysujMenuTimer	16	static
../Drivers/BSP/STM32H7xx_Nucleo/lcd.c:139:6:WyswietlDane8	16	static
../Drivers/BSP/STM32H7xx_Nucleo/lcd.c:146:6:WyswietlDane32	24	static
../Drivers/BSP/STM32H7xx_Nucleo/lcd.c:153:6:WyswietlDaneFloat	32	static
../Drivers/BSP/STM32H7xx_Nucleo/lcd.c:170:6:WyswietlKodBledu	16	static
../Drivers/BSP/STM32H7xx_Nucleo/lcd.c:192:6:InitFraktal	16	static
../Drivers/BSP/STM32H7xx_Nucleo/lcd.c:221:6:FraktalTest	40	static
../Drivers/BSP/STM32H7xx_Nucleo/lcd.c:268:6:FraktalDemo	8	static
../Drivers/BSP/STM32H7xx_Nucleo/lcd.c:324:6:GenerateJulia	48	static
../Drivers/BSP/STM32H7xx_Nucleo/lcd.c:366:6:GenerateMandelbrot	144	static
../Drivers/BSP/STM32H7xx_Nucleo/lcd.c:416:6:HSV2RGB	56	static
../Drivers/BSP/STM32H7xx_Nucleo/lcd.c:455:14:MinalCzas	24	static
../Drivers/BSP/STM32H7xx_Nucleo/lcd.c:474:6:DispErr	16	static
../Drivers/BSP/STM32H7xx_Nucleo/lcd.c:489:6:WyswietlPomoc	8	static
../Drivers/BSP/STM32H7xx_Nucleo/lcd.c:520:6:WyswietlAnalizeEth	40	static
