../Drivers/BSP/STM32H7xx_Nucleo/lcd.c:22:6:InitDisplay	8	static
../Drivers/BSP/STM32H7xx_Nucleo/lcd.c:34:15:Menu	32	static
../Drivers/BSP/STM32H7xx_Nucleo/lcd.c:121:6:RysujMenuTimer	16	static
../Drivers/BSP/STM32H7xx_Nucleo/lcd.c:139:6:WyswietlDane	16	static
../Drivers/BSP/STM32H7xx_Nucleo/lcd.c:146:6:WyswietlDaneFloat	32	static
../Drivers/BSP/STM32H7xx_Nucleo/lcd.c:163:6:WyswietlKodBledu	16	static
../Drivers/BSP/STM32H7xx_Nucleo/lcd.c:185:6:InitFraktal	16	static
../Drivers/BSP/STM32H7xx_Nucleo/lcd.c:214:6:FraktalTest	40	static
../Drivers/BSP/STM32H7xx_Nucleo/lcd.c:261:6:FraktalDemo	8	static
../Drivers/BSP/STM32H7xx_Nucleo/lcd.c:317:6:GenerateJulia	48	static
../Drivers/BSP/STM32H7xx_Nucleo/lcd.c:359:6:GenerateMandelbrot	144	static
../Drivers/BSP/STM32H7xx_Nucleo/lcd.c:409:6:HSV2RGB	56	static
../Drivers/BSP/STM32H7xx_Nucleo/lcd.c:448:14:MinalCzas	24	static
../Drivers/BSP/STM32H7xx_Nucleo/lcd.c:467:6:DispErr	16	static
../Drivers/BSP/STM32H7xx_Nucleo/lcd.c:482:6:WyswietlPomoc	8	static
../Drivers/BSP/STM32H7xx_Nucleo/lcd.c:513:6:WyswietlAnalizeEth	40	static
