../Core/Src/stm32h7xx_it.c:77:6:NMI_Handler	4	static
../Core/Src/stm32h7xx_it.c:92:6:HardFault_Handler	4	static
../Core/Src/stm32h7xx_it.c:107:6:MemManage_Handler	4	static
../Core/Src/stm32h7xx_it.c:122:6:BusFault_Handler	4	static
../Core/Src/stm32h7xx_it.c:137:6:UsageFault_Handler	4	static
../Core/Src/stm32h7xx_it.c:152:6:DebugMon_Handler	4	static
../Core/Src/stm32h7xx_it.c:172:6:DMA1_Stream0_IRQHandler	8	static
../Core/Src/stm32h7xx_it.c:187:6:USART2_IRQHandler	8	static
../Core/Src/stm32h7xx_it.c:201:6:EXTI15_10_IRQHandler	8	static
../Core/Src/stm32h7xx_it.c:215:6:TIM6_DAC_IRQHandler	8	static
../Core/Src/stm32h7xx_it.c:232:6:DCMI_IRQHandler	8	static
../Core/Src/stm32h7xx_it.c:247:6:UART7_IRQHandler	8	static
