../Core/Src/stm32h7xx_it.c:74:6:NMI_Handler	4	static
../Core/Src/stm32h7xx_it.c:89:6:HardFault_Handler	4	static
../Core/Src/stm32h7xx_it.c:104:6:MemManage_Handler	4	static
../Core/Src/stm32h7xx_it.c:119:6:BusFault_Handler	4	static
../Core/Src/stm32h7xx_it.c:134:6:UsageFault_Handler	4	static
../Core/Src/stm32h7xx_it.c:149:6:DebugMon_Handler	4	static
../Core/Src/stm32h7xx_it.c:169:6:DMA1_Stream0_IRQHandler	8	static
../Core/Src/stm32h7xx_it.c:183:6:USART2_IRQHandler	8	static
../Core/Src/stm32h7xx_it.c:197:6:EXTI15_10_IRQHandler	8	static
../Core/Src/stm32h7xx_it.c:211:6:TIM6_DAC_IRQHandler	8	static
../Core/Src/stm32h7xx_it.c:228:6:DCMI_IRQHandler	8	static
../Core/Src/stm32h7xx_it.c:243:6:UART7_IRQHandler	8	static
